ARM Linker, 4.1 [Build 894] [Evaluation]

==============================================================================

Section Cross References

    startup_stm32f10x_md.o(STACK) refers (Special) to heapauxi.o(.text) for __use_two_region_memory
    startup_stm32f10x_md.o(HEAP) refers (Special) to heapauxi.o(.text) for __use_two_region_memory
    startup_stm32f10x_md.o(RESET) refers (Special) to heapauxi.o(.text) for __use_two_region_memory
    startup_stm32f10x_md.o(RESET) refers to startup_stm32f10x_md.o(STACK) for __initial_sp
    startup_stm32f10x_md.o(RESET) refers to startup_stm32f10x_md.o(.text) for Reset_Handler
    startup_stm32f10x_md.o(RESET) refers to port.o(.emb_text) for SVC_Handler
    startup_stm32f10x_md.o(RESET) refers to port.o(.text) for SysTick_Handler
    startup_stm32f10x_md.o(RESET) refers to main.o(.text) for ADC1_2_IRQHandler
    startup_stm32f10x_md.o(.text) refers (Special) to heapauxi.o(.text) for __use_two_region_memory
    startup_stm32f10x_md.o(.text) refers to system_stm32f10x.o(.text) for SystemInit
    startup_stm32f10x_md.o(.text) refers to __main.o(!!!main) for __main
    startup_stm32f10x_md.o(.text) refers to startup_stm32f10x_md.o(HEAP) for Heap_Mem
    startup_stm32f10x_md.o(.text) refers to startup_stm32f10x_md.o(STACK) for Stack_Mem
    system_stm32f10x.o(.text) refers to system_stm32f10x.o(.data) for SystemCoreClock
    main.o(.text) refers to main.o(.bss) for LCD16x2_buffer
    main.o(.text) refers to main.o(.constdata) for LCD_decode
    main.o(.text) refers to queue.o(.text) for xQueueGenericReceive
    main.o(.text) refers to lcd16x2.o(.text) for LCD_16x2_set_addr
    main.o(.text) refers to main.o(.data) for Semaphore_ADC_meaning_end
    main.o(.text) refers to nokia1616.o(.text) for LCD_NOKIA1616_reset
    main.o(.text) refers to tasks.o(.text) for xTaskGenericCreate
    main.o(.text) refers to port.o(.text) for vPortYieldFromISR
    main.o(.text) refers to nokia1616.o(.data) for Font_color
    nokia1616.o(.text) refers to main.o(.text) for delay_ms
    nokia1616.o(.text) refers to nokia1616.o(.constdata) for icons8x8
    nokia1616.o(.text) refers to nokia1616.o(.data) for font
    lcd16x2.o(.text) refers to main.o(.text) for delay_ms
    sdcard.o(.text) refers to main.o(.text) for SD_SPI_Write_read
    sdcard.o(.text) refers to sdcard.o(.data) for SDHC
    tasks.o(.text) refers to list.o(.text) for vListInitialise
    tasks.o(.text) refers to strncpy.o(.text) for strncpy
    tasks.o(.text) refers to heap_2.o(.text) for pvPortMalloc
    tasks.o(.text) refers to aeabi_memset.o(.text) for __aeabi_memset
    tasks.o(.text) refers to port.o(.text) for pxPortInitialiseStack
    tasks.o(.text) refers to tasks.o(.bss) for pxReadyTasksLists
    tasks.o(.text) refers to tasks.o(.data) for pxDelayedTaskList
    tasks.o(.text) refers to port.o(.emb_text) for vPortSetInterruptMask
    heap_2.o(.text) refers to tasks.o(.text) for vTaskSuspendAll
    heap_2.o(.text) refers to heap_2.o(.data) for xHeapHasBeenInitialised
    heap_2.o(.text) refers to heap_2.o(.bss) for xHeap
    port.o(.emb_text) refers to tasks.o(.text) for vTaskSwitchContext
    port.o(.emb_text) refers to tasks.o(.data) for pxCurrentTCB
    port.o(.text) refers to port.o(.emb_text) for vPortStartFirstTask
    port.o(.text) refers to tasks.o(.text) for vTaskIncrementTick
    port.o(.text) refers to port.o(.data) for uxCriticalNesting
    queue.o(.text) refers to heap_2.o(.text) for pvPortMalloc
    queue.o(.text) refers to list.o(.text) for vListInitialise
    queue.o(.text) refers to port.o(.text) for vPortEnterCritical
    queue.o(.text) refers to tasks.o(.text) for xTaskRemoveFromEventList
    queue.o(.text) refers to rt_memcpy_v6.o(.text) for __aeabi_memcpy
    queue.o(.text) refers to port.o(.emb_text) for vPortSetInterruptMask
    croutine.o(.text) refers to list.o(.text) for vListInitialise
    croutine.o(.text) refers to heap_2.o(.text) for pvPortMalloc
    croutine.o(.text) refers to port.o(.emb_text) for vPortSetInterruptMask
    croutine.o(.text) refers to tasks.o(.text) for xTaskGetTickCount
    croutine.o(.text) refers to croutine.o(.bss) for pxReadyCoRoutineLists
    croutine.o(.text) refers to croutine.o(.data) for pxDelayedCoRoutineList
    rt_memcpy_v6.o(.text) refers to rt_memcpy_w.o(.text) for __aeabi_memcpy4
    aeabi_memset.o(.text) refers to rt_memclr.o(.text) for _memset
    strncpy.o(.text) refers to rt_memclr.o(.text) for __aeabi_memclr
    __main.o(!!!main) refers to rtentry.o(.ARM.Collect$$rtentry$$00000000) for __rt_entry
    rtentry.o(.ARM.Collect$$rtentry$$00000000) refers (Special) to rtentry2.o(.ARM.Collect$$rtentry$$0000000A) for __rt_entry_li
    rtentry.o(.ARM.Collect$$rtentry$$00000000) refers (Special) to rtentry2.o(.ARM.Collect$$rtentry$$0000000D) for __rt_entry_main
    rtentry.o(.ARM.Collect$$rtentry$$00000000) refers (Special) to rtentry2.o(.ARM.Collect$$rtentry$$0000000C) for __rt_entry_postli_1
    rtentry.o(.ARM.Collect$$rtentry$$00000000) refers (Special) to rtentry2.o(.ARM.Collect$$rtentry$$00000009) for __rt_entry_postsh_1
    rtentry.o(.ARM.Collect$$rtentry$$00000000) refers (Special) to rtentry2.o(.ARM.Collect$$rtentry$$00000002) for __rt_entry_presh_1
    rtentry.o(.ARM.Collect$$rtentry$$00000000) refers (Special) to rtentry4.o(.ARM.Collect$$rtentry$$00000004) for __rt_entry_sh
    rt_memclr.o(.text) refers to rt_memclr_w.o(.text) for _memset_w
    rtentry2.o(.ARM.Collect$$rtentry$$00000008) refers to boardinit2.o(.text) for _platform_post_stackheap_init
    rtentry2.o(.ARM.Collect$$rtentry$$0000000A) refers to libinit.o(.ARM.Collect$$libinit$$00000000) for __rt_lib_init
    rtentry2.o(.ARM.Collect$$rtentry$$0000000B) refers to boardinit3.o(.text) for _platform_post_lib_init
    rtentry2.o(.ARM.Collect$$rtentry$$0000000D) refers to main.o(.text) for main
    rtentry2.o(.ARM.Collect$$rtentry$$0000000D) refers to exit.o(.text) for exit
    rtentry2.o(.ARM.exidx) refers to rtentry2.o(.ARM.Collect$$rtentry$$00000001) for .ARM.Collect$$rtentry$$00000001
    rtentry2.o(.ARM.exidx) refers to rtentry2.o(.ARM.Collect$$rtentry$$00000008) for .ARM.Collect$$rtentry$$00000008
    rtentry2.o(.ARM.exidx) refers to rtentry2.o(.ARM.Collect$$rtentry$$0000000A) for .ARM.Collect$$rtentry$$0000000A
    rtentry2.o(.ARM.exidx) refers to rtentry2.o(.ARM.Collect$$rtentry$$0000000B) for .ARM.Collect$$rtentry$$0000000B
    rtentry2.o(.ARM.exidx) refers to rtentry2.o(.ARM.Collect$$rtentry$$0000000D) for .ARM.Collect$$rtentry$$0000000D
    rtentry4.o(.ARM.Collect$$rtentry$$00000004) refers to sys_stackheap_outer.o(.text) for __user_setup_stackheap
    rtentry4.o(.ARM.exidx) refers to rtentry4.o(.ARM.Collect$$rtentry$$00000004) for .ARM.Collect$$rtentry$$00000004
    sys_stackheap_outer.o(.text) refers to libspace.o(.text) for __user_perproc_libspace
    sys_stackheap_outer.o(.text) refers to startup_stm32f10x_md.o(.text) for __user_initial_stackheap
    exit.o(.text) refers to rtexit.o(.ARM.Collect$$rtexit$$00000000) for __rt_exit
    libinit.o(.ARM.Collect$$libinit$$00000000) refers (Special) to libinit2.o(.ARM.Collect$$libinit$$0000002A) for __rt_lib_init_alloca_1
    libinit.o(.ARM.Collect$$libinit$$00000000) refers (Special) to libinit2.o(.ARM.Collect$$libinit$$00000028) for __rt_lib_init_argv_1
    libinit.o(.ARM.Collect$$libinit$$00000000) refers (Special) to libinit2.o(.ARM.Collect$$libinit$$00000017) for __rt_lib_init_atexit_1
    libinit.o(.ARM.Collect$$libinit$$00000000) refers (Special) to libinit2.o(.ARM.Collect$$libinit$$0000001D) for __rt_lib_init_clock_1
    libinit.o(.ARM.Collect$$libinit$$00000000) refers (Special) to libinit2.o(.ARM.Collect$$libinit$$0000002E) for __rt_lib_init_cpp_1
    libinit.o(.ARM.Collect$$libinit$$00000000) refers (Special) to libinit2.o(.ARM.Collect$$libinit$$0000002C) for __rt_lib_init_exceptions_1
    libinit.o(.ARM.Collect$$libinit$$00000000) refers (Special) to libinit2.o(.ARM.Collect$$libinit$$0000001B) for __rt_lib_init_fp_trap_1
    libinit.o(.ARM.Collect$$libinit$$00000000) refers (Special) to libinit2.o(.ARM.Collect$$libinit$$0000001F) for __rt_lib_init_getenv_1
    libinit.o(.ARM.Collect$$libinit$$00000000) refers (Special) to libinit2.o(.ARM.Collect$$libinit$$00000006) for __rt_lib_init_heap_1
    libinit.o(.ARM.Collect$$libinit$$00000000) refers (Special) to libinit2.o(.ARM.Collect$$libinit$$0000000D) for __rt_lib_init_lc_collate_1
    libinit.o(.ARM.Collect$$libinit$$00000000) refers (Special) to libinit2.o(.ARM.Collect$$libinit$$0000000F) for __rt_lib_init_lc_ctype_1
    libinit.o(.ARM.Collect$$libinit$$00000000) refers (Special) to libinit2.o(.ARM.Collect$$libinit$$00000011) for __rt_lib_init_lc_monetary_1
    libinit.o(.ARM.Collect$$libinit$$00000000) refers (Special) to libinit2.o(.ARM.Collect$$libinit$$00000013) for __rt_lib_init_lc_numeric_1
    libinit.o(.ARM.Collect$$libinit$$00000000) refers (Special) to libinit2.o(.ARM.Collect$$libinit$$00000015) for __rt_lib_init_lc_time_1
    libinit.o(.ARM.Collect$$libinit$$00000000) refers (Special) to libinit2.o(.ARM.Collect$$libinit$$0000000A) for __rt_lib_init_rand_1
    libinit.o(.ARM.Collect$$libinit$$00000000) refers (Special) to libinit2.o(.ARM.Collect$$libinit$$0000002F) for __rt_lib_init_return
    libinit.o(.ARM.Collect$$libinit$$00000000) refers (Special) to libinit2.o(.ARM.Collect$$libinit$$00000019) for __rt_lib_init_signal_1
    libinit.o(.ARM.Collect$$libinit$$00000000) refers (Special) to libinit2.o(.ARM.Collect$$libinit$$00000021) for __rt_lib_init_stdio_1
    libinit.o(.ARM.Collect$$libinit$$00000000) refers (Special) to libinit2.o(.ARM.Collect$$libinit$$00000008) for __rt_lib_init_user_alloc_1
    libinit.o(.ARM.Collect$$libinit$$00000000) refers to fpinit.o(x$fpl$fpinit) for _fp_init
    libspace.o(.text) refers to libspace.o(.bss) for __libspace_start
    rtexit.o(.ARM.Collect$$rtexit$$00000000) refers (Special) to rtexit2.o(.ARM.Collect$$rtexit$$00000004) for __rt_exit_exit
    rtexit.o(.ARM.Collect$$rtexit$$00000000) refers (Special) to rtexit2.o(.ARM.Collect$$rtexit$$00000003) for __rt_exit_ls
    rtexit.o(.ARM.Collect$$rtexit$$00000000) refers (Special) to rtexit2.o(.ARM.Collect$$rtexit$$00000002) for __rt_exit_prels_1
    rtexit.o(.ARM.exidx) refers (Special) to rtexit2.o(.ARM.Collect$$rtexit$$00000004) for __rt_exit_exit
    rtexit.o(.ARM.exidx) refers (Special) to rtexit2.o(.ARM.Collect$$rtexit$$00000003) for __rt_exit_ls
    rtexit.o(.ARM.exidx) refers (Special) to rtexit2.o(.ARM.Collect$$rtexit$$00000002) for __rt_exit_prels_1
    rtexit.o(.ARM.exidx) refers to rtexit.o(.ARM.Collect$$rtexit$$00000000) for .ARM.Collect$$rtexit$$00000000
    libinit2.o(.ARM.Collect$$libinit$$0000000C) refers to libinit2.o(.ARM.Collect$$libinit$$0000000B) for .ARM.Collect$$libinit$$0000000B
    libinit2.o(.ARM.Collect$$libinit$$0000000E) refers to libinit2.o(.ARM.Collect$$libinit$$0000000B) for .ARM.Collect$$libinit$$0000000B
    libinit2.o(.ARM.Collect$$libinit$$00000010) refers to libinit2.o(.ARM.Collect$$libinit$$0000000B) for .ARM.Collect$$libinit$$0000000B
    libinit2.o(.ARM.Collect$$libinit$$00000012) refers to libinit2.o(.ARM.Collect$$libinit$$0000000B) for .ARM.Collect$$libinit$$0000000B
    libinit2.o(.ARM.Collect$$libinit$$00000014) refers to libinit2.o(.ARM.Collect$$libinit$$0000000B) for .ARM.Collect$$libinit$$0000000B
    libinit2.o(.ARM.Collect$$libinit$$00000022) refers to argv_veneer.o(.emb_text) for __ARM_argv_veneer
    libinit2.o(.ARM.Collect$$libinit$$00000023) refers to argv_veneer.o(.emb_text) for __ARM_argv_veneer
    fpinit.o(x$fpl$fpinit) refers to rt_fp_status_addr_intlibspace.o(.text) for __rt_fp_status_addr
    rtexit2.o(.ARM.Collect$$rtexit$$00000003) refers to libshutdown.o(.ARM.Collect$$libshutdown$$00000000) for __rt_lib_shutdown
    rtexit2.o(.ARM.Collect$$rtexit$$00000004) refers to sys_exit.o(.text) for _sys_exit
    rtexit2.o(.ARM.exidx) refers to rtexit2.o(.ARM.Collect$$rtexit$$00000001) for .ARM.Collect$$rtexit$$00000001
    rtexit2.o(.ARM.exidx) refers to rtexit2.o(.ARM.Collect$$rtexit$$00000003) for .ARM.Collect$$rtexit$$00000003
    rtexit2.o(.ARM.exidx) refers to rtexit2.o(.ARM.Collect$$rtexit$$00000004) for .ARM.Collect$$rtexit$$00000004
    rt_fp_status_addr.o(.text) refers to rt_fp_status_addr.o(.bss) for __rt_fp_status_addr_data
    rt_fp_status_addr_intlibspace.o(.text) refers to libspace.o(.bss) for __libspace_start
    argv_veneer.o(.emb_text) refers to no_argv.o(.text) for __ARM_get_argv
    sys_exit.o(.text) refers (Special) to use_no_semi.o(.text) for __I$use$semihosting
    sys_exit.o(.text) refers (Special) to indicate_semi.o(.text) for __semihosting_library_function
    _get_argv_nomalloc.o(.text) refers (Special) to hrguard.o(.text) for __heap_region$guard
    _get_argv_nomalloc.o(.text) refers to defsig_rtmem_outer.o(.text) for __rt_SIGRTMEM
    _get_argv_nomalloc.o(.text) refers to sys_command.o(.text) for _sys_command_string
    libshutdown.o(.ARM.Collect$$libshutdown$$00000000) refers (Special) to libshutdown2.o(.ARM.Collect$$libshutdown$$00000006) for __rt_lib_shutdown_fp_trap_1
    libshutdown.o(.ARM.Collect$$libshutdown$$00000000) refers (Special) to libshutdown2.o(.ARM.Collect$$libshutdown$$0000000E) for __rt_lib_shutdown_heap_1
    libshutdown.o(.ARM.Collect$$libshutdown$$00000000) refers (Special) to libshutdown2.o(.ARM.Collect$$libshutdown$$0000000F) for __rt_lib_shutdown_return
    libshutdown.o(.ARM.Collect$$libshutdown$$00000000) refers (Special) to libshutdown2.o(.ARM.Collect$$libshutdown$$00000009) for __rt_lib_shutdown_signal_1
    libshutdown.o(.ARM.Collect$$libshutdown$$00000000) refers (Special) to libshutdown2.o(.ARM.Collect$$libshutdown$$00000003) for __rt_lib_shutdown_stdio_1
    libshutdown.o(.ARM.Collect$$libshutdown$$00000000) refers (Special) to libshutdown2.o(.ARM.Collect$$libshutdown$$0000000B) for __rt_lib_shutdown_user_alloc_1
    sys_command.o(.text) refers (Special) to use_no_semi.o(.text) for __I$use$semihosting
    sys_command.o(.text) refers (Special) to indicate_semi.o(.text) for __semihosting_library_function
    defsig_rtmem_outer.o(.text) refers to defsig_rtmem_inner.o(.text) for __rt_SIGRTMEM_inner
    defsig_rtmem_outer.o(.text) refers to defsig_exit.o(.text) for __sig_exit
    defsig_rtmem_formal.o(.text) refers to rt_raise.o(.text) for __rt_raise
    rt_raise.o(.text) refers to __raise.o(.text) for __raise
    rt_raise.o(.text) refers to sys_exit.o(.text) for _sys_exit
    defsig_exit.o(.text) refers to sys_exit.o(.text) for _sys_exit
    defsig_rtmem_inner.o(.text) refers to defsig_general.o(.text) for __default_signal_display
    __raise.o(.text) refers to defsig.o(CL$$defsig) for __default_signal_handler
    defsig_general.o(.text) refers to sys_wrch.o(.text) for _ttywrch
    sys_wrch.o(.text) refers (Special) to use_no_semi.o(.text) for __I$use$semihosting
    sys_wrch.o(.text) refers (Special) to indicate_semi.o(.text) for __semihosting_library_function
    defsig.o(CL$$defsig) refers to defsig_rtmem_inner.o(.text) for __rt_SIGRTMEM_inner
    defsig_abrt_inner.o(.text) refers to defsig_general.o(.text) for __default_signal_display
    defsig_fpe_inner.o(.text) refers to defsig_general.o(.text) for __default_signal_display
    defsig_rtred_inner.o(.text) refers to defsig_general.o(.text) for __default_signal_display
    defsig_stak_inner.o(.text) refers to defsig_general.o(.text) for __default_signal_display
    defsig_pvfn_inner.o(.text) refers to defsig_general.o(.text) for __default_signal_display
    defsig_cppl_inner.o(.text) refers to defsig_general.o(.text) for __default_signal_display
    defsig_segv_inner.o(.text) refers to defsig_general.o(.text) for __default_signal_display
    defsig_other.o(.text) refers to defsig_general.o(.text) for __default_signal_display


==============================================================================

Removing Unused input sections from the image.

    Removing core_cm3.o(.emb_text), (32 bytes).
    Removing sdcard.o(.text), (748 bytes).
    Removing sdcard.o(.data), (1 bytes).
    Removing croutine.o(.text), (740 bytes).
    Removing croutine.o(.bss), (100 bytes).
    Removing croutine.o(.data), (28 bytes).

6 unused section(s) (total 1649 bytes) removed from the image.

==============================================================================

Image Symbol Table

    Local Symbols

    Symbol Name                              Value     Ov Type        Size  Object(Section)

    ../../angel/boardlib.s                   0x00000000   Number         0  boardinit2.o ABSOLUTE
    ../../angel/boardlib.s                   0x00000000   Number         0  boardinit3.o ABSOLUTE
    ../../angel/boardlib.s                   0x00000000   Number         0  boardshut.o ABSOLUTE
    ../../angel/boardlib.s                   0x00000000   Number         0  boardinit1.o ABSOLUTE
    ../../angel/handlers.s                   0x00000000   Number         0  __scatter_zi.o ABSOLUTE
    ../../angel/handlers.s                   0x00000000   Number         0  __scatter_copy.o ABSOLUTE
    ../../angel/kernel.s                     0x00000000   Number         0  rtexit2.o ABSOLUTE
    ../../angel/kernel.s                     0x00000000   Number         0  rtentry2.o ABSOLUTE
    ../../angel/kernel.s                     0x00000000   Number         0  rtexit.o ABSOLUTE
    ../../angel/kernel.s                     0x00000000   Number         0  rtentry4.o ABSOLUTE
    ../../angel/kernel.s                     0x00000000   Number         0  rtentry.o ABSOLUTE
    ../../angel/rt.s                         0x00000000   Number         0  rt_raise.o ABSOLUTE
    ../../angel/rt.s                         0x00000000   Number         0  rt_fp_status_addr_intlibspace.o ABSOLUTE
    ../../angel/rt.s                         0x00000000   Number         0  rt_fp_status_addr.o ABSOLUTE
    ../../angel/scatter.s                    0x00000000   Number         0  __scatter.o ABSOLUTE
    ../../angel/startup.s                    0x00000000   Number         0  __main.o ABSOLUTE
    ../../angel/sys.s                        0x00000000   Number         0  indicate_semi.o ABSOLUTE
    ../../angel/sys.s                        0x00000000   Number         0  use_no_semi.o ABSOLUTE
    ../../angel/sys.s                        0x00000000   Number         0  sys_stackheap_outer.o ABSOLUTE
    ../../angel/sys.s                        0x00000000   Number         0  libspace.o ABSOLUTE
    ../../angel/sysapp.c                     0x00000000   Number         0  sys_command.o ABSOLUTE
    ../../angel/sysapp.c                     0x00000000   Number         0  sys_wrch.o ABSOLUTE
    ../../angel/sysapp.c                     0x00000000   Number         0  sys_exit.o ABSOLUTE
    ../../armsys.c                           0x00000000   Number         0  _get_argv_nomalloc.o ABSOLUTE
    ../../armsys.c                           0x00000000   Number         0  argv_veneer.o ABSOLUTE
    ../../armsys.c                           0x00000000   Number         0  argv_veneer.o ABSOLUTE
    ../../armsys.c                           0x00000000   Number         0  no_argv.o ABSOLUTE
    ../../fpinit.s                           0x00000000   Number         0  fpinit.o ABSOLUTE
    ../../heapalloc.c                        0x00000000   Number         0  hrguard.o ABSOLUTE
    ../../heapaux.c                          0x00000000   Number         0  heapauxi.o ABSOLUTE
    ../../libinit.s                          0x00000000   Number         0  libinit.o ABSOLUTE
    ../../libinit.s                          0x00000000   Number         0  libshutdown2.o ABSOLUTE
    ../../libinit.s                          0x00000000   Number         0  libinit2.o ABSOLUTE
    ../../libinit.s                          0x00000000   Number         0  libshutdown.o ABSOLUTE
    ../../memcpset.s                         0x00000000   Number         0  rt_memclr.o ABSOLUTE
    ../../memcpset.s                         0x00000000   Number         0  rt_memcpy_w.o ABSOLUTE
    ../../memcpset.s                         0x00000000   Number         0  rt_memclr_w.o ABSOLUTE
    ../../memcpset.s                         0x00000000   Number         0  strncpy.o ABSOLUTE
    ../../memcpset.s                         0x00000000   Number         0  aeabi_memset.o ABSOLUTE
    ../../memcpset.s                         0x00000000   Number         0  rt_memcpy_v6.o ABSOLUTE
    ../../signal.c                           0x00000000   Number         0  defsig_cppl_inner.o ABSOLUTE
    ../../signal.c                           0x00000000   Number         0  defsig_pvfn_inner.o ABSOLUTE
    ../../signal.c                           0x00000000   Number         0  defsig_general.o ABSOLUTE
    ../../signal.c                           0x00000000   Number         0  __raise.o ABSOLUTE
    ../../signal.c                           0x00000000   Number         0  defsig_other.o ABSOLUTE
    ../../signal.c                           0x00000000   Number         0  defsig_rtmem_inner.o ABSOLUTE
    ../../signal.c                           0x00000000   Number         0  defsig_rtmem_outer.o ABSOLUTE
    ../../signal.c                           0x00000000   Number         0  defsig_exit.o ABSOLUTE
    ../../signal.c                           0x00000000   Number         0  defsig_segv_inner.o ABSOLUTE
    ../../signal.c                           0x00000000   Number         0  defsig_stak_inner.o ABSOLUTE
    ../../signal.c                           0x00000000   Number         0  defsig_rtmem_formal.o ABSOLUTE
    ../../signal.c                           0x00000000   Number         0  defsig_rtred_inner.o ABSOLUTE
    ../../signal.c                           0x00000000   Number         0  defsig_fpe_inner.o ABSOLUTE
    ../../signal.c                           0x00000000   Number         0  defsig_abrt_inner.o ABSOLUTE
    ../../signal.s                           0x00000000   Number         0  defsig.o ABSOLUTE
    ../../stdlib.c                           0x00000000   Number         0  exit.o ABSOLUTE
    ..\CMSIS\CoreSupport\core_cm3.c          0x00000000   Number         0  core_cm3.o ABSOLUTE
    ..\CMSIS\DeviceSupport\ST\STM32F10x\system_stm32f10x.c 0x00000000   Number         0  system_stm32f10x.o ABSOLUTE
    ..\FreeRTOS\croutine.c                   0x00000000   Number         0  croutine.o ABSOLUTE
    ..\FreeRTOS\heap_2.c                     0x00000000   Number         0  heap_2.o ABSOLUTE
    ..\FreeRTOS\list.c                       0x00000000   Number         0  list.o ABSOLUTE
    ..\FreeRTOS\port.c                       0x00000000   Number         0  port.o ABSOLUTE
    ..\FreeRTOS\queue.c                      0x00000000   Number         0  queue.o ABSOLUTE
    ..\FreeRTOS\tasks.c                      0x00000000   Number         0  tasks.o ABSOLUTE
    ..\FreeRTOS\timers.c                     0x00000000   Number         0  timers.o ABSOLUTE
    ..\LCD16x2\LCD16x2.c                     0x00000000   Number         0  lcd16x2.o ABSOLUTE
    ..\Nokia1616\Nokia1616.c                 0x00000000   Number         0  nokia1616.o ABSOLUTE
    ..\SDcard\SDcard.c                       0x00000000   Number         0  sdcard.o ABSOLUTE
    ..\\CMSIS\\CoreSupport\\core_cm3.c       0x00000000   Number         0  core_cm3.o ABSOLUTE
    ..\\FreeRTOS\\port.c                     0x00000000   Number         0  port.o ABSOLUTE
    dc.s                                     0x00000000   Number         0  dc.o ABSOLUTE
    main.c                                   0x00000000   Number         0  main.o ABSOLUTE
    startup_stm32f10x_md.s                   0x00000000   Number         0  startup_stm32f10x_md.o ABSOLUTE
    RESET                                    0x08000000   Section      236  startup_stm32f10x_md.o(RESET)
    !!!main                                  0x080000ec   Section        8  __main.o(!!!main)
    !!!scatter                               0x080000f4   Section       52  __scatter.o(!!!scatter)
    !!handler_copy                           0x08000128   Section       26  __scatter_copy.o(!!handler_copy)
    !!handler_zi                             0x08000144   Section       28  __scatter_zi.o(!!handler_zi)
    .ARM.Collect$$libinit$$00000000          0x08000160   Section        6  libinit.o(.ARM.Collect$$libinit$$00000000)
    .ARM.Collect$$libinit$$00000006          0x08000166   Section        0  libinit2.o(.ARM.Collect$$libinit$$00000006)
    .ARM.Collect$$libinit$$00000008          0x08000166   Section        0  libinit2.o(.ARM.Collect$$libinit$$00000008)
    .ARM.Collect$$libinit$$0000000A          0x08000166   Section        0  libinit2.o(.ARM.Collect$$libinit$$0000000A)
    .ARM.Collect$$libinit$$0000000D          0x08000166   Section        0  libinit2.o(.ARM.Collect$$libinit$$0000000D)
    .ARM.Collect$$libinit$$0000000F          0x08000166   Section        0  libinit2.o(.ARM.Collect$$libinit$$0000000F)
    .ARM.Collect$$libinit$$00000011          0x08000166   Section        0  libinit2.o(.ARM.Collect$$libinit$$00000011)
    .ARM.Collect$$libinit$$00000013          0x08000166   Section        0  libinit2.o(.ARM.Collect$$libinit$$00000013)
    .ARM.Collect$$libinit$$00000015          0x08000166   Section        0  libinit2.o(.ARM.Collect$$libinit$$00000015)
    .ARM.Collect$$libinit$$00000017          0x08000166   Section        0  libinit2.o(.ARM.Collect$$libinit$$00000017)
    .ARM.Collect$$libinit$$00000019          0x08000166   Section        0  libinit2.o(.ARM.Collect$$libinit$$00000019)
    .ARM.Collect$$libinit$$0000001B          0x08000166   Section        0  libinit2.o(.ARM.Collect$$libinit$$0000001B)
    .ARM.Collect$$libinit$$0000001D          0x08000166   Section        0  libinit2.o(.ARM.Collect$$libinit$$0000001D)
    .ARM.Collect$$libinit$$0000001F          0x08000166   Section        0  libinit2.o(.ARM.Collect$$libinit$$0000001F)
    .ARM.Collect$$libinit$$00000021          0x08000166   Section        0  libinit2.o(.ARM.Collect$$libinit$$00000021)
    .ARM.Collect$$libinit$$00000028          0x08000166   Section        0  libinit2.o(.ARM.Collect$$libinit$$00000028)
    .ARM.Collect$$libinit$$0000002A          0x08000166   Section        0  libinit2.o(.ARM.Collect$$libinit$$0000002A)
    .ARM.Collect$$libinit$$0000002C          0x08000166   Section        0  libinit2.o(.ARM.Collect$$libinit$$0000002C)
    .ARM.Collect$$libinit$$0000002E          0x08000166   Section        0  libinit2.o(.ARM.Collect$$libinit$$0000002E)
    .ARM.Collect$$libinit$$0000002F          0x08000166   Section        2  libinit2.o(.ARM.Collect$$libinit$$0000002F)
    .ARM.Collect$$libshutdown$$00000000      0x08000168   Section        2  libshutdown.o(.ARM.Collect$$libshutdown$$00000000)
    .ARM.Collect$$libshutdown$$00000003      0x0800016a   Section        0  libshutdown2.o(.ARM.Collect$$libshutdown$$00000003)
    .ARM.Collect$$libshutdown$$00000006      0x0800016a   Section        0  libshutdown2.o(.ARM.Collect$$libshutdown$$00000006)
    .ARM.Collect$$libshutdown$$00000009      0x0800016a   Section        0  libshutdown2.o(.ARM.Collect$$libshutdown$$00000009)
    .ARM.Collect$$libshutdown$$0000000B      0x0800016a   Section        0  libshutdown2.o(.ARM.Collect$$libshutdown$$0000000B)
    .ARM.Collect$$libshutdown$$0000000E      0x0800016a   Section        0  libshutdown2.o(.ARM.Collect$$libshutdown$$0000000E)
    .ARM.Collect$$libshutdown$$0000000F      0x0800016a   Section        2  libshutdown2.o(.ARM.Collect$$libshutdown$$0000000F)
    .ARM.Collect$$rtentry$$00000000          0x0800016c   Section        0  rtentry.o(.ARM.Collect$$rtentry$$00000000)
    .ARM.Collect$$rtentry$$00000002          0x0800016c   Section        0  rtentry2.o(.ARM.Collect$$rtentry$$00000002)
    .ARM.Collect$$rtentry$$00000004          0x0800016c   Section        6  rtentry4.o(.ARM.Collect$$rtentry$$00000004)
    .ARM.Collect$$rtentry$$00000009          0x08000172   Section        0  rtentry2.o(.ARM.Collect$$rtentry$$00000009)
    .ARM.Collect$$rtentry$$0000000A          0x08000172   Section        4  rtentry2.o(.ARM.Collect$$rtentry$$0000000A)
    .ARM.Collect$$rtentry$$0000000C          0x08000176   Section        0  rtentry2.o(.ARM.Collect$$rtentry$$0000000C)
    .ARM.Collect$$rtentry$$0000000D          0x08000176   Section        8  rtentry2.o(.ARM.Collect$$rtentry$$0000000D)
    .ARM.Collect$$rtexit$$00000000           0x0800017e   Section        2  rtexit.o(.ARM.Collect$$rtexit$$00000000)
    .ARM.Collect$$rtexit$$00000002           0x08000180   Section        0  rtexit2.o(.ARM.Collect$$rtexit$$00000002)
    .ARM.Collect$$rtexit$$00000003           0x08000180   Section        4  rtexit2.o(.ARM.Collect$$rtexit$$00000003)
    .ARM.Collect$$rtexit$$00000004           0x08000184   Section        6  rtexit2.o(.ARM.Collect$$rtexit$$00000004)
    .emb_text                                0x0800018c   Section      140  port.o(.emb_text)
    .text                                    0x08000218   Section       64  startup_stm32f10x_md.o(.text)
    .text                                    0x08000258   Section        0  system_stm32f10x.o(.text)
    SetSysClockToHSE                         0x08000259   Thumb Code   140  system_stm32f10x.o(.text)
    SetSysClock                              0x080002e5   Thumb Code     8  system_stm32f10x.o(.text)
    .text                                    0x080003e0   Section        0  main.o(.text)
    NVIC_SetPriority                         0x080003e1   Thumb Code    32  main.o(.text)
    NVIC_EnableIRQ                           0x08000eb1   Thumb Code    24  main.o(.text)
    .text                                    0x08000f60   Section        0  nokia1616.o(.text)
    .text                                    0x08001430   Section        0  lcd16x2.o(.text)
    .text                                    0x0800166c   Section        0  tasks.o(.text)
    prvInitialiseTaskLists                   0x0800166d   Thumb Code    64  tasks.o(.text)
    prvInitialiseTCBVariables                0x080016ad   Thumb Code    70  tasks.o(.text)
    prvAllocateTCBAndStack                   0x080016f3   Thumb Code    58  tasks.o(.text)
    prvAddCurrentTaskToDelayedList           0x080019bd   Thumb Code    62  tasks.o(.text)
    prvCheckTasksWaitingTermination          0x08001d79   Thumb Code     2  tasks.o(.text)
    prvIdleTask                              0x08001d7b   Thumb Code    20  tasks.o(.text)
    .text                                    0x08002020   Section        0  heap_2.o(.text)
    .text                                    0x08002138   Section        0  port.o(.text)
    prvSetupTimerInterrupt                   0x08002153   Thumb Code    14  port.o(.text)
    .text                                    0x080021ec   Section        0  queue.o(.text)
    prvUnlockQueue                           0x0800225f   Thumb Code   126  queue.o(.text)
    prvIsQueueFull                           0x080022dd   Thumb Code    32  queue.o(.text)
    prvCopyDataToQueue                       0x080022fd   Thumb Code   104  queue.o(.text)
    prvIsQueueEmpty                          0x080024d5   Thumb Code    28  queue.o(.text)
    prvCopyDataFromQueue                     0x080024f1   Thumb Code    42  queue.o(.text)
    .text                                    0x080026da   Section        0  list.o(.text)
    .text                                    0x0800276e   Section      138  rt_memcpy_v6.o(.text)
    .text                                    0x080027f8   Section       16  aeabi_memset.o(.text)
    .text                                    0x08002808   Section       86  strncpy.o(.text)
    .text                                    0x0800285e   Section        0  heapauxi.o(.text)
    .text                                    0x08002864   Section      100  rt_memcpy_w.o(.text)
    .text                                    0x080028c8   Section       68  rt_memclr.o(.text)
    .text                                    0x0800290c   Section       78  rt_memclr_w.o(.text)
    .text                                    0x0800295a   Section       74  sys_stackheap_outer.o(.text)
    .text                                    0x080029a4   Section        0  exit.o(.text)
    .text                                    0x080029b0   Section        8  libspace.o(.text)
    .text                                    0x080029b8   Section        8  rt_fp_status_addr_intlibspace.o(.text)
    .text                                    0x080029c0   Section        0  sys_exit.o(.text)
    .text                                    0x080029cc   Section        2  use_no_semi.o(.text)
    .text                                    0x080029ce   Section        0  indicate_semi.o(.text)
    x$fpl$fpinit                             0x080029ce   Section       14  fpinit.o(x$fpl$fpinit)
    .constdata                               0x080029dc   Section       16  main.o(.constdata)
    .constdata                               0x080029ec   Section     1444  nokia1616.o(.constdata)
    .data                                    0x20000000   Section       20  system_stm32f10x.o(.data)
    .data                                    0x20000014   Section       40  main.o(.data)
    xHigherPriorityTaskWoken                 0x20000020   Data           4  main.o(.data)
    .data                                    0x2000003c   Section       12  nokia1616.o(.data)
    .data                                    0x20000048   Section       56  tasks.o(.data)
    uxCurrentNumberOfTasks                   0x2000004c   Data           4  tasks.o(.data)
    xTickCount                               0x20000050   Data           4  tasks.o(.data)
    uxTopUsedPriority                        0x20000054   Data           4  tasks.o(.data)
    uxTopReadyPriority                       0x20000058   Data           4  tasks.o(.data)
    xSchedulerRunning                        0x2000005c   Data           4  tasks.o(.data)
    uxSchedulerSuspended                     0x20000060   Data           4  tasks.o(.data)
    uxMissedTicks                            0x20000064   Data           4  tasks.o(.data)
    xMissedYield                             0x20000068   Data           4  tasks.o(.data)
    xNumOfOverflows                          0x2000006c   Data           4  tasks.o(.data)
    uxTCBNumber                              0x20000070   Data           4  tasks.o(.data)
    xNextTaskUnblockTime                     0x20000074   Data           4  tasks.o(.data)
    pxDelayedTaskList                        0x20000078   Data           4  tasks.o(.data)
    pxOverflowDelayedTaskList                0x2000007c   Data           4  tasks.o(.data)
    .data                                    0x20000080   Section       24  heap_2.o(.data)
    xFreeBytesRemaining                      0x20000080   Data           4  heap_2.o(.data)
    xHeapHasBeenInitialised                  0x20000084   Data           4  heap_2.o(.data)
    xStart                                   0x20000088   Data           8  heap_2.o(.data)
    xEnd                                     0x20000090   Data           8  heap_2.o(.data)
    .data                                    0x20000098   Section        4  port.o(.data)
    uxCriticalNesting                        0x20000098   Data           4  port.o(.data)
    .bss                                     0x2000009c   Section      555  main.o(.bss)
    .bss                                     0x200002c8   Section      180  tasks.o(.bss)
    pxReadyTasksLists                        0x200002c8   Data         100  tasks.o(.bss)
    xDelayedTaskList1                        0x2000032c   Data          20  tasks.o(.bss)
    xDelayedTaskList2                        0x20000340   Data          20  tasks.o(.bss)
    xPendingReadyList                        0x20000354   Data          20  tasks.o(.bss)
    xSuspendedTaskList                       0x20000368   Data          20  tasks.o(.bss)
    .bss                                     0x20000380   Section     5120  heap_2.o(.bss)
    xHeap                                    0x20000380   Data        5120  heap_2.o(.bss)
    .bss                                     0x20001780   Section       96  libspace.o(.bss)
    HEAP                                     0x200017e0   Section      512  startup_stm32f10x_md.o(HEAP)
    Heap_Mem                                 0x200017e0   Data         512  startup_stm32f10x_md.o(HEAP)
    STACK                                    0x200019e0   Section     1024  startup_stm32f10x_md.o(STACK)
    Stack_Mem                                0x200019e0   Data        1024  startup_stm32f10x_md.o(STACK)
    __initial_sp                             0x20001de0   Data           0  startup_stm32f10x_md.o(STACK)

    Global Symbols

    Symbol Name                              Value     Ov Type        Size  Object(Section)

    BuildAttributes$$THM_ISAv4$P$D$K$B$S$PE$A:L22UL41UL21$X:L11$S22US41US21$IEEE1$IW$USESV6$~STKCKD$USESV7$~SHL$OSPACE$ROPI$EBA8$UX$STANDARDLIB$REQ8$PRES8$EABIv2 0x00000000   Number         0  anon$$obj.o ABSOLUTE
    __ARM_use_no_argv                        0x00000000   Number         0  main.o ABSOLUTE
    __ARM_exceptions_init                     - Undefined Weak Reference
    __alloca_initialize                       - Undefined Weak Reference
    __cpp_initialize__aeabi_                  - Undefined Weak Reference
    __cxa_finalize                            - Undefined Weak Reference
    __rt_locale                               - Undefined Weak Reference
    __sigvec_lookup                           - Undefined Weak Reference
    _atexit_init                              - Undefined Weak Reference
    _call_atexit_fns                          - Undefined Weak Reference
    _clock_init                               - Undefined Weak Reference
    _fp_trap_init                             - Undefined Weak Reference
    _fp_trap_shutdown                         - Undefined Weak Reference
    _get_lc_collate                           - Undefined Weak Reference
    _get_lc_ctype                             - Undefined Weak Reference
    _get_lc_monetary                          - Undefined Weak Reference
    _get_lc_numeric                           - Undefined Weak Reference
    _get_lc_time                              - Undefined Weak Reference
    _getenv_init                              - Undefined Weak Reference
    _handle_redirection                       - Undefined Weak Reference
    _init_alloc                               - Undefined Weak Reference
    _init_user_alloc                          - Undefined Weak Reference
    _initio                                   - Undefined Weak Reference
    _rand_init                                - Undefined Weak Reference
    _signal_finish                            - Undefined Weak Reference
    _signal_init                              - Undefined Weak Reference
    _terminate_alloc                          - Undefined Weak Reference
    _terminate_user_alloc                     - Undefined Weak Reference
    _terminateio                              - Undefined Weak Reference
    __Vectors_Size                           0x000000ec   Number         0  startup_stm32f10x_md.o ABSOLUTE
    __Vectors                                0x08000000   Data           4  startup_stm32f10x_md.o(RESET)
    __Vectors_End                            0x080000ec   Data           0  startup_stm32f10x_md.o(RESET)
    __main                                   0x080000ed   Thumb Code     8  __main.o(!!!main)
    __scatterload                            0x080000f5   Thumb Code     0  __scatter.o(!!!scatter)
    __scatterload_rt2                        0x080000f5   Thumb Code    44  __scatter.o(!!!scatter)
    __scatterload_rt2_thumb_only             0x080000f5   Thumb Code     0  __scatter.o(!!!scatter)
    __scatterload_null                       0x08000103   Thumb Code     0  __scatter.o(!!!scatter)
    __scatterload_copy                       0x08000129   Thumb Code    26  __scatter_copy.o(!!handler_copy)
    __scatterload_zeroinit                   0x08000145   Thumb Code    28  __scatter_zi.o(!!handler_zi)
    __rt_lib_init                            0x08000161   Thumb Code     0  libinit.o(.ARM.Collect$$libinit$$00000000)
    __rt_lib_init_alloca_1                   0x08000167   Thumb Code     0  libinit2.o(.ARM.Collect$$libinit$$0000002A)
    __rt_lib_init_argv_1                     0x08000167   Thumb Code     0  libinit2.o(.ARM.Collect$$libinit$$00000028)
    __rt_lib_init_atexit_1                   0x08000167   Thumb Code     0  libinit2.o(.ARM.Collect$$libinit$$00000017)
    __rt_lib_init_clock_1                    0x08000167   Thumb Code     0  libinit2.o(.ARM.Collect$$libinit$$0000001D)
    __rt_lib_init_cpp_1                      0x08000167   Thumb Code     0  libinit2.o(.ARM.Collect$$libinit$$0000002E)
    __rt_lib_init_exceptions_1               0x08000167   Thumb Code     0  libinit2.o(.ARM.Collect$$libinit$$0000002C)
    __rt_lib_init_fp_trap_1                  0x08000167   Thumb Code     0  libinit2.o(.ARM.Collect$$libinit$$0000001B)
    __rt_lib_init_getenv_1                   0x08000167   Thumb Code     0  libinit2.o(.ARM.Collect$$libinit$$0000001F)
    __rt_lib_init_heap_1                     0x08000167   Thumb Code     0  libinit2.o(.ARM.Collect$$libinit$$00000006)
    __rt_lib_init_lc_collate_1               0x08000167   Thumb Code     0  libinit2.o(.ARM.Collect$$libinit$$0000000D)
    __rt_lib_init_lc_ctype_1                 0x08000167   Thumb Code     0  libinit2.o(.ARM.Collect$$libinit$$0000000F)
    __rt_lib_init_lc_monetary_1              0x08000167   Thumb Code     0  libinit2.o(.ARM.Collect$$libinit$$00000011)
    __rt_lib_init_lc_numeric_1               0x08000167   Thumb Code     0  libinit2.o(.ARM.Collect$$libinit$$00000013)
    __rt_lib_init_lc_time_1                  0x08000167   Thumb Code     0  libinit2.o(.ARM.Collect$$libinit$$00000015)
    __rt_lib_init_rand_1                     0x08000167   Thumb Code     0  libinit2.o(.ARM.Collect$$libinit$$0000000A)
    __rt_lib_init_return                     0x08000167   Thumb Code     0  libinit2.o(.ARM.Collect$$libinit$$0000002F)
    __rt_lib_init_signal_1                   0x08000167   Thumb Code     0  libinit2.o(.ARM.Collect$$libinit$$00000019)
    __rt_lib_init_stdio_1                    0x08000167   Thumb Code     0  libinit2.o(.ARM.Collect$$libinit$$00000021)
    __rt_lib_init_user_alloc_1               0x08000167   Thumb Code     0  libinit2.o(.ARM.Collect$$libinit$$00000008)
    __rt_lib_shutdown                        0x08000169   Thumb Code     0  libshutdown.o(.ARM.Collect$$libshutdown$$00000000)
    __rt_lib_shutdown_fp_trap_1              0x0800016b   Thumb Code     0  libshutdown2.o(.ARM.Collect$$libshutdown$$00000006)
    __rt_lib_shutdown_heap_1                 0x0800016b   Thumb Code     0  libshutdown2.o(.ARM.Collect$$libshutdown$$0000000E)
    __rt_lib_shutdown_return                 0x0800016b   Thumb Code     0  libshutdown2.o(.ARM.Collect$$libshutdown$$0000000F)
    __rt_lib_shutdown_signal_1               0x0800016b   Thumb Code     0  libshutdown2.o(.ARM.Collect$$libshutdown$$00000009)
    __rt_lib_shutdown_stdio_1                0x0800016b   Thumb Code     0  libshutdown2.o(.ARM.Collect$$libshutdown$$00000003)
    __rt_lib_shutdown_user_alloc_1           0x0800016b   Thumb Code     0  libshutdown2.o(.ARM.Collect$$libshutdown$$0000000B)
    __rt_entry                               0x0800016d   Thumb Code     0  rtentry.o(.ARM.Collect$$rtentry$$00000000)
    __rt_entry_presh_1                       0x0800016d   Thumb Code     0  rtentry2.o(.ARM.Collect$$rtentry$$00000002)
    __rt_entry_sh                            0x0800016d   Thumb Code     0  rtentry4.o(.ARM.Collect$$rtentry$$00000004)
    __rt_entry_li                            0x08000173   Thumb Code     0  rtentry2.o(.ARM.Collect$$rtentry$$0000000A)
    __rt_entry_postsh_1                      0x08000173   Thumb Code     0  rtentry2.o(.ARM.Collect$$rtentry$$00000009)
    __rt_entry_main                          0x08000177   Thumb Code     0  rtentry2.o(.ARM.Collect$$rtentry$$0000000D)
    __rt_entry_postli_1                      0x08000177   Thumb Code     0  rtentry2.o(.ARM.Collect$$rtentry$$0000000C)
    __rt_exit                                0x0800017f   Thumb Code     0  rtexit.o(.ARM.Collect$$rtexit$$00000000)
    __rt_exit_ls                             0x08000181   Thumb Code     0  rtexit2.o(.ARM.Collect$$rtexit$$00000003)
    __rt_exit_prels_1                        0x08000181   Thumb Code     0  rtexit2.o(.ARM.Collect$$rtexit$$00000002)
    __rt_exit_exit                           0x08000185   Thumb Code     0  rtexit2.o(.ARM.Collect$$rtexit$$00000004)
    SVC_Handler                              0x0800018d   Thumb Code    28  port.o(.emb_text)
    vPortStartFirstTask                      0x080001ad   Thumb Code    16  port.o(.emb_text)
    PendSV_Handler                           0x080001c1   Thumb Code    56  port.o(.emb_text)
    vPortSetInterruptMask                    0x080001fd   Thumb Code    14  port.o(.emb_text)
    vPortClearInterruptMask                  0x0800020b   Thumb Code    14  port.o(.emb_text)
    Reset_Handler                            0x08000219   Thumb Code     8  startup_stm32f10x_md.o(.text)
    NMI_Handler                              0x08000221   Thumb Code     2  startup_stm32f10x_md.o(.text)
    HardFault_Handler                        0x08000223   Thumb Code     2  startup_stm32f10x_md.o(.text)
    MemManage_Handler                        0x08000225   Thumb Code     2  startup_stm32f10x_md.o(.text)
    BusFault_Handler                         0x08000227   Thumb Code     2  startup_stm32f10x_md.o(.text)
    UsageFault_Handler                       0x08000229   Thumb Code     2  startup_stm32f10x_md.o(.text)
    DebugMon_Handler                         0x0800022d   Thumb Code     2  startup_stm32f10x_md.o(.text)
    CAN1_RX1_IRQHandler                      0x08000233   Thumb Code     0  startup_stm32f10x_md.o(.text)
    CAN1_SCE_IRQHandler                      0x08000233   Thumb Code     0  startup_stm32f10x_md.o(.text)
    DMA1_Channel1_IRQHandler                 0x08000233   Thumb Code     0  startup_stm32f10x_md.o(.text)
    DMA1_Channel2_IRQHandler                 0x08000233   Thumb Code     0  startup_stm32f10x_md.o(.text)
    DMA1_Channel3_IRQHandler                 0x08000233   Thumb Code     0  startup_stm32f10x_md.o(.text)
    DMA1_Channel4_IRQHandler                 0x08000233   Thumb Code     0  startup_stm32f10x_md.o(.text)
    DMA1_Channel5_IRQHandler                 0x08000233   Thumb Code     0  startup_stm32f10x_md.o(.text)
    DMA1_Channel6_IRQHandler                 0x08000233   Thumb Code     0  startup_stm32f10x_md.o(.text)
    DMA1_Channel7_IRQHandler                 0x08000233   Thumb Code     0  startup_stm32f10x_md.o(.text)
    EXTI0_IRQHandler                         0x08000233   Thumb Code     0  startup_stm32f10x_md.o(.text)
    EXTI15_10_IRQHandler                     0x08000233   Thumb Code     0  startup_stm32f10x_md.o(.text)
    EXTI1_IRQHandler                         0x08000233   Thumb Code     0  startup_stm32f10x_md.o(.text)
    EXTI2_IRQHandler                         0x08000233   Thumb Code     0  startup_stm32f10x_md.o(.text)
    EXTI3_IRQHandler                         0x08000233   Thumb Code     0  startup_stm32f10x_md.o(.text)
    EXTI4_IRQHandler                         0x08000233   Thumb Code     0  startup_stm32f10x_md.o(.text)
    EXTI9_5_IRQHandler                       0x08000233   Thumb Code     0  startup_stm32f10x_md.o(.text)
    FLASH_IRQHandler                         0x08000233   Thumb Code     0  startup_stm32f10x_md.o(.text)
    I2C1_ER_IRQHandler                       0x08000233   Thumb Code     0  startup_stm32f10x_md.o(.text)
    I2C1_EV_IRQHandler                       0x08000233   Thumb Code     0  startup_stm32f10x_md.o(.text)
    I2C2_ER_IRQHandler                       0x08000233   Thumb Code     0  startup_stm32f10x_md.o(.text)
    I2C2_EV_IRQHandler                       0x08000233   Thumb Code     0  startup_stm32f10x_md.o(.text)
    PVD_IRQHandler                           0x08000233   Thumb Code     0  startup_stm32f10x_md.o(.text)
    RCC_IRQHandler                           0x08000233   Thumb Code     0  startup_stm32f10x_md.o(.text)
    RTCAlarm_IRQHandler                      0x08000233   Thumb Code     0  startup_stm32f10x_md.o(.text)
    RTC_IRQHandler                           0x08000233   Thumb Code     0  startup_stm32f10x_md.o(.text)
    SPI1_IRQHandler                          0x08000233   Thumb Code     0  startup_stm32f10x_md.o(.text)
    SPI2_IRQHandler                          0x08000233   Thumb Code     0  startup_stm32f10x_md.o(.text)
    TAMPER_IRQHandler                        0x08000233   Thumb Code     0  startup_stm32f10x_md.o(.text)
    TIM1_BRK_IRQHandler                      0x08000233   Thumb Code     0  startup_stm32f10x_md.o(.text)
    TIM1_CC_IRQHandler                       0x08000233   Thumb Code     0  startup_stm32f10x_md.o(.text)
    TIM1_TRG_COM_IRQHandler                  0x08000233   Thumb Code     0  startup_stm32f10x_md.o(.text)
    TIM1_UP_IRQHandler                       0x08000233   Thumb Code     0  startup_stm32f10x_md.o(.text)
    TIM2_IRQHandler                          0x08000233   Thumb Code     0  startup_stm32f10x_md.o(.text)
    TIM3_IRQHandler                          0x08000233   Thumb Code     0  startup_stm32f10x_md.o(.text)
    TIM4_IRQHandler                          0x08000233   Thumb Code     0  startup_stm32f10x_md.o(.text)
    USART1_IRQHandler                        0x08000233   Thumb Code     0  startup_stm32f10x_md.o(.text)
    USART3_IRQHandler                        0x08000233   Thumb Code     0  startup_stm32f10x_md.o(.text)
    USBWakeUp_IRQHandler                     0x08000233   Thumb Code     0  startup_stm32f10x_md.o(.text)
    USB_HP_CAN1_TX_IRQHandler                0x08000233   Thumb Code     0  startup_stm32f10x_md.o(.text)
    USB_LP_CAN1_RX0_IRQHandler               0x08000233   Thumb Code     0  startup_stm32f10x_md.o(.text)
    WWDG_IRQHandler                          0x08000233   Thumb Code     0  startup_stm32f10x_md.o(.text)
    __user_initial_stackheap                 0x08000235   Thumb Code     0  startup_stm32f10x_md.o(.text)
    SystemInit                               0x080002ed   Thumb Code    70  system_stm32f10x.o(.text)
    SystemCoreClockUpdate                    0x08000333   Thumb Code   142  system_stm32f10x.o(.text)
    LCD_16x2_write_string_to_buffer          0x08000401   Thumb Code    22  main.o(.text)
    LCD_decode_bin_to_dec_0000               0x08000417   Thumb Code   130  main.o(.text)
    LCD_decode_bin_to_dec_000                0x08000499   Thumb Code    76  main.o(.text)
    delay_ms                                 0x080004e5   Thumb Code    22  main.o(.text)
    init                                     0x080004fb   Thumb Code  1564  main.o(.text)
    SD_SPI_Write_read                        0x08000b17   Thumb Code    42  main.o(.text)
    vTaskLED1                                0x08000b41   Thumb Code     4  main.o(.text)
    vTaskADC                                 0x08000b45   Thumb Code    70  main.o(.text)
    vTaskJoystick                            0x08000b8b   Thumb Code    86  main.o(.text)
    vTaskStepMotor                           0x08000be1   Thumb Code     4  main.o(.text)
    vApplicationTickHook                     0x08000be5   Thumb Code   130  main.o(.text)
    main                                     0x08000c67   Thumb Code   408  main.o(.text)
    ADC1_2_IRQHandler                        0x08000dff   Thumb Code    98  main.o(.text)
    USART2_IRQHandler                        0x08000e61   Thumb Code    80  main.o(.text)
    USART1_send                              0x08000f61   Thumb Code    42  nokia1616.o(.text)
    LCD_NOKIA1616_reset                      0x08000f8b   Thumb Code    32  nokia1616.o(.text)
    LCD_NOKIA1616_init                       0x08000fab   Thumb Code    82  nokia1616.o(.text)
    LCD_NOKIA1616_set_rectangle_range        0x08000ffd   Thumb Code   110  nokia1616.o(.text)
    LCD_NOKIA1616_transform_color            0x0800106b   Thumb Code    38  nokia1616.o(.text)
    LCD_NOKIA1616_rectangle                  0x08001091   Thumb Code    90  nokia1616.o(.text)
    LCD_NOKIA1616_print_icon8x8              0x080010eb   Thumb Code   126  nokia1616.o(.text)
    LCD_NOKIA1616_SetFont                    0x08001169   Thumb Code    22  nokia1616.o(.text)
    LCD_NOKIA1616_GetCharWidth               0x0800117f   Thumb Code    80  nokia1616.o(.text)
    LCD_NOKIA1616_GetFontHeight              0x080011cf   Thumb Code    18  nokia1616.o(.text)
    LCD_NOKIA1616_GetStringWidth             0x080011e1   Thumb Code    70  nokia1616.o(.text)
    LCD_NOKIA1616_DrawChar                   0x08001227   Thumb Code   372  nokia1616.o(.text)
    LCD_NOKIA1616_DrawString                 0x0800139b   Thumb Code   140  nokia1616.o(.text)
    LCD_16x2_wr                              0x08001431   Thumb Code    92  lcd16x2.o(.text)
    LCD_16x2_command                         0x0800148d   Thumb Code    40  lcd16x2.o(.text)
    LCD_16x2_write                           0x080014b5   Thumb Code    54  lcd16x2.o(.text)
    LCD_16x2_set_addr                        0x080014eb   Thumb Code    28  lcd16x2.o(.text)
    LCD_16x2_write_string                    0x08001507   Thumb Code    28  lcd16x2.o(.text)
    LCD_16x2_init                            0x08001523   Thumb Code   320  lcd16x2.o(.text)
    xTaskGenericCreate                       0x0800172d   Thumb Code   240  tasks.o(.text)
    vTaskIncrementTick                       0x0800181d   Thumb Code   228  tasks.o(.text)
    xTaskResumeAll                           0x08001901   Thumb Code   188  tasks.o(.text)
    vTaskSuspendAll                          0x080019fb   Thumb Code    12  tasks.o(.text)
    vTaskDelayUntil                          0x08001a07   Thumb Code   186  tasks.o(.text)
    vTaskDelay                               0x08001ac1   Thumb Code    48  tasks.o(.text)
    uxTaskPriorityGet                        0x08001af1   Thumb Code    30  tasks.o(.text)
    vTaskPrioritySet                         0x08001b0f   Thumb Code   160  tasks.o(.text)
    vTaskSwitchContext                       0x08001baf   Thumb Code    92  tasks.o(.text)
    vTaskSuspend                             0x08001c0b   Thumb Code   100  tasks.o(.text)
    xTaskIsTaskSuspended                     0x08001c6f   Thumb Code    60  tasks.o(.text)
    vTaskResume                              0x08001cab   Thumb Code    92  tasks.o(.text)
    xTaskResumeFromISR                       0x08001d07   Thumb Code   114  tasks.o(.text)
    vTaskStartScheduler                      0x08001d8f   Thumb Code    52  tasks.o(.text)
    vTaskEndScheduler                        0x08001dc3   Thumb Code    18  tasks.o(.text)
    xTaskGetTickCount                        0x08001dd5   Thumb Code    18  tasks.o(.text)
    xTaskGetTickCountFromISR                 0x08001de7   Thumb Code    20  tasks.o(.text)
    uxTaskGetNumberOfTasks                   0x08001dfb   Thumb Code     6  tasks.o(.text)
    vTaskPlaceOnEventList                    0x08001e01   Thumb Code    60  tasks.o(.text)
    xTaskRemoveFromEventList                 0x08001e3d   Thumb Code    96  tasks.o(.text)
    vTaskSetTimeOutState                     0x08001e9d   Thumb Code    72  tasks.o(.text)
    xTaskCheckForTimeOut                     0x08001ee5   Thumb Code    92  tasks.o(.text)
    vTaskMissedYield                         0x08001f41   Thumb Code     8  tasks.o(.text)
    xTaskGetCurrentTaskHandle                0x08001f49   Thumb Code     6  tasks.o(.text)
    vTaskPriorityInherit                     0x08001f4f   Thumb Code   116  tasks.o(.text)
    vTaskPriorityDisinherit                  0x08001fc3   Thumb Code    70  tasks.o(.text)
    pvPortMalloc                             0x08002021   Thumb Code   194  heap_2.o(.text)
    vPortFree                                0x080020e3   Thumb Code    56  heap_2.o(.text)
    xPortGetFreeHeapSize                     0x0800211b   Thumb Code     6  heap_2.o(.text)
    vPortInitialiseBlocks                    0x08002121   Thumb Code     2  heap_2.o(.text)
    pxPortInitialiseStack                    0x08002139   Thumb Code    26  port.o(.text)
    xPortStartScheduler                      0x08002161   Thumb Code    42  port.o(.text)
    vPortEndScheduler                        0x0800218b   Thumb Code     2  port.o(.text)
    vPortYieldFromISR                        0x0800218d   Thumb Code    12  port.o(.text)
    vPortEnterCritical                       0x08002199   Thumb Code    18  port.o(.text)
    vPortExitCritical                        0x080021ab   Thumb Code    24  port.o(.text)
    SysTick_Handler                          0x080021c3   Thumb Code    28  port.o(.text)
    xQueueGenericCreate                      0x080021ed   Thumb Code   114  queue.o(.text)
    xQueueGenericSend                        0x08002365   Thumb Code   202  queue.o(.text)
    xQueueCreateMutex                        0x0800242f   Thumb Code    72  queue.o(.text)
    xQueueGenericSendFromISR                 0x08002477   Thumb Code    94  queue.o(.text)
    xQueueGenericReceive                     0x0800251b   Thumb Code   278  queue.o(.text)
    xQueueReceiveFromISR                     0x08002631   Thumb Code    92  queue.o(.text)
    uxQueueMessagesWaiting                   0x0800268d   Thumb Code    18  queue.o(.text)
    uxQueueMessagesWaitingFromISR            0x0800269f   Thumb Code     6  queue.o(.text)
    vQueueDelete                             0x080026a5   Thumb Code    18  queue.o(.text)
    xQueueIsQueueEmptyFromISR                0x080026b7   Thumb Code    16  queue.o(.text)
    xQueueIsQueueFullFromISR                 0x080026c7   Thumb Code    20  queue.o(.text)
    vListInitialise                          0x080026db   Thumb Code    26  list.o(.text)
    vListInitialiseItem                      0x080026f5   Thumb Code     6  list.o(.text)
    vListInsertEnd                           0x080026fb   Thumb Code    28  list.o(.text)
    vListInsert                              0x08002717   Thumb Code    52  list.o(.text)
    vListRemove                              0x0800274b   Thumb Code    36  list.o(.text)
    __aeabi_memcpy                           0x0800276f   Thumb Code     0  rt_memcpy_v6.o(.text)
    __rt_memcpy                              0x0800276f   Thumb Code   138  rt_memcpy_v6.o(.text)
    _memcpy_lastbytes                        0x080027d5   Thumb Code     0  rt_memcpy_v6.o(.text)
    __aeabi_memset                           0x080027f9   Thumb Code    16  aeabi_memset.o(.text)
    strncpy                                  0x08002809   Thumb Code    86  strncpy.o(.text)
    __use_two_region_memory                  0x0800285f   Thumb Code     2  heapauxi.o(.text)
    __rt_heap_escrow$2region                 0x08002861   Thumb Code     2  heapauxi.o(.text)
    __rt_heap_expand$2region                 0x08002863   Thumb Code     2  heapauxi.o(.text)
    __aeabi_memcpy4                          0x08002865   Thumb Code     0  rt_memcpy_w.o(.text)
    __aeabi_memcpy8                          0x08002865   Thumb Code     0  rt_memcpy_w.o(.text)
    __rt_memcpy_w                            0x08002865   Thumb Code   100  rt_memcpy_w.o(.text)
    _memcpy_lastbytes_aligned                0x080028ad   Thumb Code     0  rt_memcpy_w.o(.text)
    __aeabi_memclr                           0x080028c9   Thumb Code     0  rt_memclr.o(.text)
    __rt_memclr                              0x080028c9   Thumb Code    68  rt_memclr.o(.text)
    _memset                                  0x080028cd   Thumb Code     0  rt_memclr.o(.text)
    __aeabi_memclr4                          0x0800290d   Thumb Code     0  rt_memclr_w.o(.text)
    __aeabi_memclr8                          0x0800290d   Thumb Code     0  rt_memclr_w.o(.text)
    __rt_memclr_w                            0x0800290d   Thumb Code    78  rt_memclr_w.o(.text)
    _memset_w                                0x08002911   Thumb Code     0  rt_memclr_w.o(.text)
    __user_setup_stackheap                   0x0800295b   Thumb Code    74  sys_stackheap_outer.o(.text)
    exit                                     0x080029a5   Thumb Code    12  exit.o(.text)
    __user_libspace                          0x080029b1   Thumb Code     8  libspace.o(.text)
    __user_perproc_libspace                  0x080029b1   Thumb Code     0  libspace.o(.text)
    __user_perthread_libspace                0x080029b1   Thumb Code     0  libspace.o(.text)
    __rt_fp_status_addr                      0x080029b9   Thumb Code     8  rt_fp_status_addr_intlibspace.o(.text)
    _sys_exit                                0x080029c1   Thumb Code     8  sys_exit.o(.text)
    __I$use$semihosting                      0x080029cd   Thumb Code     0  use_no_semi.o(.text)
    __use_no_semihosting_swi                 0x080029cd   Thumb Code     2  use_no_semi.o(.text)
    __semihosting_library_function           0x080029cf   Thumb Code     0  indicate_semi.o(.text)
    _fp_init                                 0x080029cf   Thumb Code    14  fpinit.o(x$fpl$fpinit)
    __fplib_config_pureend_doubles           0x080029db   Thumb Code     0  fpinit.o(x$fpl$fpinit)
    LCD_decode                               0x080029dc   Data          16  main.o(.constdata)
    icons8x8                                 0x080029ec   Data         152  nokia1616.o(.constdata)
    font5x8pxCharBitmaps                     0x08002a84   Data        1280  nokia1616.o(.constdata)
    font5x8pxFontInfo                        0x08002f84   Data          12  nokia1616.o(.constdata)
    Region$$Table$$Base                      0x08002f90   Number         0  anon$$obj.o(Region$$Table)
    Region$$Table$$Limit                     0x08002fb0   Number         0  anon$$obj.o(Region$$Table)
    SystemCoreClock                          0x20000000   Data           4  system_stm32f10x.o(.data)
    AHBPrescTable                            0x20000004   Data          16  system_stm32f10x.o(.data)
    LCD16x2_buffer_counter                   0x20000014   Data           1  main.o(.data)
    ADC_result                               0x20000016   Data           2  main.o(.data)
    ADC_counter                              0x20000018   Data           1  main.o(.data)
    SPI_data                                 0x20000019   Data           1  main.o(.data)
    Joystick_flag                            0x2000001a   Data           1  main.o(.data)
    SDinit                                   0x2000001b   Data           1  main.o(.data)
    SDread                                   0x2000001c   Data           1  main.o(.data)
    dec_number                               0x20000024   Data           4  main.o(.data)
    Joystick_axes                            0x20000028   Data           6  main.o(.data)
    Joystick_buttons                         0x2000002e   Data           2  main.o(.data)
    Semaphore_ADC_meaning_end                0x20000030   Data           4  main.o(.data)
    Semaphore_SPI2_TXE                       0x20000034   Data           4  main.o(.data)
    Semaphore_SPI2_RXNE                      0x20000038   Data           4  main.o(.data)
    font                                     0x2000003c   Data           4  nokia1616.o(.data)
    Font_bkgnd_color                         0x20000040   Data           4  nokia1616.o(.data)
    Font_color                               0x20000044   Data           4  nokia1616.o(.data)
    pxCurrentTCB                             0x20000048   Data           4  tasks.o(.data)
    LCD16x2_buffer                           0x2000009c   Data          33  main.o(.bss)
    Joystick_data                            0x200000bd   Data          10  main.o(.bss)
    SD_buff                                  0x200000c7   Data         512  main.o(.bss)
    __libspace_start                         0x20001780   Data          96  libspace.o(.bss)
    __temporary_stack_top$libspace           0x200017e0   Data           0  libspace.o(.bss)



==============================================================================

Memory Map of the image

  Image Entry point : 0x080000ed

  Load Region LR_IROM1 (Base: 0x08000000, Size: 0x0000304c, Max: 0x00010000, ABSOLUTE)

    Execution Region ER_IROM1 (Base: 0x08000000, Size: 0x00002fb0, Max: 0x00010000, ABSOLUTE)

    Base Addr    Size         Type   Attr      Idx    E Section Name        Object

    0x08000000   0x000000ec   Data   RO            3    RESET               startup_stm32f10x_md.o
    0x080000ec   0x00000008   Code   RO          352  * !!!main             c_w.l(__main.o)
    0x080000f4   0x00000034   Code   RO          515    !!!scatter          c_w.l(__scatter.o)
    0x08000128   0x0000001a   Code   RO          517    !!handler_copy      c_w.l(__scatter_copy.o)
    0x08000142   0x00000002   PAD
    0x08000144   0x0000001c   Code   RO          519    !!handler_zi        c_w.l(__scatter_zi.o)
    0x08000160   0x00000006   Code   RO          385    .ARM.Collect$$libinit$$00000000  c_w.l(libinit.o)
    0x08000166   0x00000000   Code   RO          393    .ARM.Collect$$libinit$$00000006  c_w.l(libinit2.o)
    0x08000166   0x00000000   Code   RO          395    .ARM.Collect$$libinit$$00000008  c_w.l(libinit2.o)
    0x08000166   0x00000000   Code   RO          397    .ARM.Collect$$libinit$$0000000A  c_w.l(libinit2.o)
    0x08000166   0x00000000   Code   RO          400    .ARM.Collect$$libinit$$0000000D  c_w.l(libinit2.o)
    0x08000166   0x00000000   Code   RO          402    .ARM.Collect$$libinit$$0000000F  c_w.l(libinit2.o)
    0x08000166   0x00000000   Code   RO          404    .ARM.Collect$$libinit$$00000011  c_w.l(libinit2.o)
    0x08000166   0x00000000   Code   RO          406    .ARM.Collect$$libinit$$00000013  c_w.l(libinit2.o)
    0x08000166   0x00000000   Code   RO          408    .ARM.Collect$$libinit$$00000015  c_w.l(libinit2.o)
    0x08000166   0x00000000   Code   RO          410    .ARM.Collect$$libinit$$00000017  c_w.l(libinit2.o)
    0x08000166   0x00000000   Code   RO          412    .ARM.Collect$$libinit$$00000019  c_w.l(libinit2.o)
    0x08000166   0x00000000   Code   RO          414    .ARM.Collect$$libinit$$0000001B  c_w.l(libinit2.o)
    0x08000166   0x00000000   Code   RO          416    .ARM.Collect$$libinit$$0000001D  c_w.l(libinit2.o)
    0x08000166   0x00000000   Code   RO          418    .ARM.Collect$$libinit$$0000001F  c_w.l(libinit2.o)
    0x08000166   0x00000000   Code   RO          420    .ARM.Collect$$libinit$$00000021  c_w.l(libinit2.o)
    0x08000166   0x00000000   Code   RO          424    .ARM.Collect$$libinit$$00000028  c_w.l(libinit2.o)
    0x08000166   0x00000000   Code   RO          426    .ARM.Collect$$libinit$$0000002A  c_w.l(libinit2.o)
    0x08000166   0x00000000   Code   RO          428    .ARM.Collect$$libinit$$0000002C  c_w.l(libinit2.o)
    0x08000166   0x00000000   Code   RO          430    .ARM.Collect$$libinit$$0000002E  c_w.l(libinit2.o)
    0x08000166   0x00000002   Code   RO          431    .ARM.Collect$$libinit$$0000002F  c_w.l(libinit2.o)
    0x08000168   0x00000002   Code   RO          456    .ARM.Collect$$libshutdown$$00000000  c_w.l(libshutdown.o)
    0x0800016a   0x00000000   Code   RO          470    .ARM.Collect$$libshutdown$$00000003  c_w.l(libshutdown2.o)
    0x0800016a   0x00000000   Code   RO          473    .ARM.Collect$$libshutdown$$00000006  c_w.l(libshutdown2.o)
    0x0800016a   0x00000000   Code   RO          476    .ARM.Collect$$libshutdown$$00000009  c_w.l(libshutdown2.o)
    0x0800016a   0x00000000   Code   RO          478    .ARM.Collect$$libshutdown$$0000000B  c_w.l(libshutdown2.o)
    0x0800016a   0x00000000   Code   RO          481    .ARM.Collect$$libshutdown$$0000000E  c_w.l(libshutdown2.o)
    0x0800016a   0x00000002   Code   RO          482    .ARM.Collect$$libshutdown$$0000000F  c_w.l(libshutdown2.o)
    0x0800016c   0x00000000   Code   RO          354    .ARM.Collect$$rtentry$$00000000  c_w.l(rtentry.o)
    0x0800016c   0x00000000   Code   RO          360    .ARM.Collect$$rtentry$$00000002  c_w.l(rtentry2.o)
    0x0800016c   0x00000006   Code   RO          372    .ARM.Collect$$rtentry$$00000004  c_w.l(rtentry4.o)
    0x08000172   0x00000000   Code   RO          362    .ARM.Collect$$rtentry$$00000009  c_w.l(rtentry2.o)
    0x08000172   0x00000004   Code   RO          363    .ARM.Collect$$rtentry$$0000000A  c_w.l(rtentry2.o)
    0x08000176   0x00000000   Code   RO          365    .ARM.Collect$$rtentry$$0000000C  c_w.l(rtentry2.o)
    0x08000176   0x00000008   Code   RO          366    .ARM.Collect$$rtentry$$0000000D  c_w.l(rtentry2.o)
    0x0800017e   0x00000002   Code   RO          389    .ARM.Collect$$rtexit$$00000000  c_w.l(rtexit.o)
    0x08000180   0x00000000   Code   RO          435    .ARM.Collect$$rtexit$$00000002  c_w.l(rtexit2.o)
    0x08000180   0x00000004   Code   RO          436    .ARM.Collect$$rtexit$$00000003  c_w.l(rtexit2.o)
    0x08000184   0x00000006   Code   RO          437    .ARM.Collect$$rtexit$$00000004  c_w.l(rtexit2.o)
    0x0800018a   0x00000002   PAD
    0x0800018c   0x0000008c   Code   RO          269    .emb_text           port.o
    0x08000218   0x00000040   Code   RO            4    .text               startup_stm32f10x_md.o
    0x08000258   0x00000188   Code   RO           24    .text               system_stm32f10x.o
    0x080003e0   0x00000b80   Code   RO           49    .text               main.o
    0x08000f60   0x000004d0   Code   RO          136    .text               nokia1616.o
    0x08001430   0x0000023c   Code   RO          168    .text               lcd16x2.o
    0x0800166c   0x000009b4   Code   RO          195    .text               tasks.o
    0x08002020   0x00000118   Code   RO          248    .text               heap_2.o
    0x08002138   0x000000b4   Code   RO          270    .text               port.o
    0x080021ec   0x000004ee   Code   RO          296    .text               queue.o
    0x080026da   0x00000094   Code   RO          330    .text               list.o
    0x0800276e   0x0000008a   Code   RO          344    .text               c_w.l(rt_memcpy_v6.o)
    0x080027f8   0x00000010   Code   RO          346    .text               c_w.l(aeabi_memset.o)
    0x08002808   0x00000056   Code   RO          348    .text               c_w.l(strncpy.o)
    0x0800285e   0x00000006   Code   RO          350    .text               c_w.l(heapauxi.o)
    0x08002864   0x00000064   Code   RO          355    .text               c_w.l(rt_memcpy_w.o)
    0x080028c8   0x00000044   Code   RO          357    .text               c_w.l(rt_memclr.o)
    0x0800290c   0x0000004e   Code   RO          374    .text               c_w.l(rt_memclr_w.o)
    0x0800295a   0x0000004a   Code   RO          376    .text               c_w.l(sys_stackheap_outer.o)
    0x080029a4   0x0000000c   Code   RO          378    .text               c_w.l(exit.o)
    0x080029b0   0x00000008   Code   RO          386    .text               c_w.l(libspace.o)
    0x080029b8   0x00000008   Code   RO          444    .text               c_w.l(rt_fp_status_addr_intlibspace.o)
    0x080029c0   0x0000000c   Code   RO          448    .text               c_w.l(sys_exit.o)
    0x080029cc   0x00000002   Code   RO          459    .text               c_w.l(use_no_semi.o)
    0x080029ce   0x00000000   Code   RO          461    .text               c_w.l(indicate_semi.o)
    0x080029ce   0x0000000e   Code   RO          432    x$fpl$fpinit        fz_ws.l(fpinit.o)
    0x080029dc   0x00000010   Data   RO           51    .constdata          main.o
    0x080029ec   0x000005a4   Data   RO          137    .constdata          nokia1616.o
    0x08002f90   0x00000020   Data   RO          513    Region$$Table       anon$$obj.o


    Execution Region RW_IRAM1 (Base: 0x20000000, Size: 0x00001de0, Max: 0x00005000, ABSOLUTE)

    Base Addr    Size         Type   Attr      Idx    E Section Name        Object

    0x20000000   0x00000014   Data   RW           25    .data               system_stm32f10x.o
    0x20000014   0x00000028   Data   RW           52    .data               main.o
    0x2000003c   0x0000000c   Data   RW          138    .data               nokia1616.o
    0x20000048   0x00000038   Data   RW          197    .data               tasks.o
    0x20000080   0x00000018   Data   RW          250    .data               heap_2.o
    0x20000098   0x00000004   Data   RW          271    .data               port.o
    0x2000009c   0x0000022b   Zero   RW           50    .bss                main.o
    0x200002c7   0x00000001   PAD
    0x200002c8   0x000000b4   Zero   RW          196    .bss                tasks.o
    0x2000037c   0x00000004   PAD
    0x20000380   0x00001400   Zero   RW          249    .bss                heap_2.o
    0x20001780   0x00000060   Zero   RW          387    .bss                c_w.l(libspace.o)
    0x200017e0   0x00000200   Zero   RW            2    HEAP                startup_stm32f10x_md.o
    0x200019e0   0x00000400   Zero   RW            1    STACK               startup_stm32f10x_md.o


==============================================================================

Image component sizes


      Code (inc. data)   RO Data    RW Data    ZI Data      Debug   Object Name

         0          0          0          0          0       4156   core_cm3.o
       280         22          0         24       5120       4412   heap_2.o
       572         10          0          0          0       1764   lcd16x2.o
       148          0          0          0          0       1617   list.o
      2944        254         16         40        555      27052   main.o
      1232         44       1444         12          0       7030   nokia1616.o
       320         26          0          4          0       2189   port.o
      1262          0          0          0          0       7382   queue.o
        64         26        236          0       1536        732   startup_stm32f10x_md.o
       392         32          0         20          0     205019   system_stm32f10x.o
      2484        158          0         56        180      15465   tasks.o

    ----------------------------------------------------------------------
      9698        572       1728        156       7396     276818   Object Totals
         0          0         32          0          0          0   (incl. Generated)
         0          0          0          0          5          0   (incl. Padding)

    ----------------------------------------------------------------------

      Code (inc. data)   RO Data    RW Data    ZI Data      Debug   Library Member Name

         8          0          0          0          0         68   __main.o
        52          8          0          0          0          0   __scatter.o
        26          0          0          0          0          0   __scatter_copy.o
        28          0          0          0          0          0   __scatter_zi.o
        16          0          0          0          0         68   aeabi_memset.o
        12          0          0          0          0         72   exit.o
         6          0          0          0          0        152   heapauxi.o
         0          0          0          0          0          0   indicate_semi.o
         6          0          0          0          0          0   libinit.o
         2          0          0          0          0          0   libinit2.o
         2          0          0          0          0          0   libshutdown.o
         2          0          0          0          0          0   libshutdown2.o
         8          4          0          0         96         68   libspace.o
         8          4          0          0          0         68   rt_fp_status_addr_intlibspace.o
        68          0          0          0          0         68   rt_memclr.o
        78          0          0          0          0         80   rt_memclr_w.o
       138          0          0          0          0         68   rt_memcpy_v6.o
       100          0          0          0          0         80   rt_memcpy_w.o
         0          0          0          0          0          0   rtentry.o
        12          0          0          0          0          0   rtentry2.o
         6          0          0          0          0          0   rtentry4.o
         2          0          0          0          0          0   rtexit.o
        10          0          0          0          0          0   rtexit2.o
        86          0          0          0          0         76   strncpy.o
        12          4          0          0          0         68   sys_exit.o
        74          0          0          0          0         80   sys_stackheap_outer.o
         2          0          0          0          0         68   use_no_semi.o
        14          0          0          0          0         76   fpinit.o

    ----------------------------------------------------------------------
       782         20          0          0         96       1160   Library Totals
         4          0          0          0          0          0   (incl. Padding)

    ----------------------------------------------------------------------

      Code (inc. data)   RO Data    RW Data    ZI Data      Debug   Library Name

       764         20          0          0         96       1084   c_w.l
        14          0          0          0          0         76   fz_ws.l

    ----------------------------------------------------------------------
       782         20          0          0         96       1160   Library Totals

    ----------------------------------------------------------------------

==============================================================================


      Code (inc. data)   RO Data    RW Data    ZI Data      Debug   

     10480        592       1728        156       7492     276106   Grand Totals
     10480        592       1728        156       7492     276106   ELF Image Totals
     10480        592       1728        156          0          0   ROM Totals

==============================================================================

    Total RO  Size (Code + RO Data)                12208 (  11.92kB)
    Total RW  Size (RW Data + ZI Data)              7648 (   7.47kB)
    Total ROM Size (Code + RO Data + RW Data)      12364 (  12.07kB)

==============================================================================

