ARM Linker, 4.1 [Build 894] [Standard]

==============================================================================

Section Cross References

    startup_stm32f10x_md.o(STACK) refers (Special) to heapauxi.o(.text) for __use_two_region_memory
    startup_stm32f10x_md.o(HEAP) refers (Special) to heapauxi.o(.text) for __use_two_region_memory
    startup_stm32f10x_md.o(RESET) refers (Special) to heapauxi.o(.text) for __use_two_region_memory
    startup_stm32f10x_md.o(RESET) refers to startup_stm32f10x_md.o(STACK) for __initial_sp
    startup_stm32f10x_md.o(RESET) refers to startup_stm32f10x_md.o(.text) for Reset_Handler
    startup_stm32f10x_md.o(RESET) refers to port.o(.emb_text) for SVC_Handler
    startup_stm32f10x_md.o(RESET) refers to port.o(.text) for SysTick_Handler
    startup_stm32f10x_md.o(RESET) refers to main.o(.text) for RTC_IRQHandler
    startup_stm32f10x_md.o(.text) refers (Special) to heapauxi.o(.text) for __use_two_region_memory
    startup_stm32f10x_md.o(.text) refers to system_stm32f10x.o(.text) for SystemInit
    startup_stm32f10x_md.o(.text) refers to __main.o(!!!main) for __main
    startup_stm32f10x_md.o(.text) refers to startup_stm32f10x_md.o(HEAP) for Heap_Mem
    startup_stm32f10x_md.o(.text) refers to startup_stm32f10x_md.o(STACK) for Stack_Mem
    system_stm32f10x.o(.text) refers to system_stm32f10x.o(.data) for SystemCoreClock
    image_files.o(.text) refers to rt_memcpy_w.o(.text) for __aeabi_memcpy4
    main.o(.text) refers to main.o(.constdata) for LCD_decode
    main.o(.text) refers to queue.o(.text) for xQueueGenericReceive
    main.o(.text) refers to nokia1616.o(.text) for LCD_NOKIA1616_DrawString
    main.o(.text) refers to tasks.o(.text) for vTaskDelay
    main.o(.text) refers to main.o(.data) for Semaphore_seconds_incremented
    main.o(.text) refers to main.o(.bss) for current_time
    main.o(.text) refers to ff.o(.text) for f_mount
    main.o(.text) refers to image_files.o(.text) for BMP_get_file_header
    main.o(.text) refers to rt_memcpy_w.o(.text) for __aeabi_memcpy4
    main.o(.text) refers to port.o(.text) for vPortYieldFromISR
    main.o(.text) refers to nokia1616.o(.data) for Font_color
    main.o(.text) refers to nokia1616_gui.o(.data) for current_theme
    main.o(.data) refers to main.o(.bss) for LCD_buffer
    nokia1616.o(.text) refers to main.o(.text) for delay_ms
    nokia1616.o(.text) refers to nokia1616.o(.constdata) for icons8x8
    nokia1616.o(.text) refers to nokia1616.o(.data) for font
    diskio.o(.text) refers to sdcard.o(.text) for SD_init
    ff.o(.text) refers to diskio.o(.text) for disk_write
    ff.o(.text) refers to ff.o(.data) for FatFs
    nokia1616_gui.o(.data) refers to nokia1616_gui.o(.constdata) for color_themes
    sdcard.o(.text) refers to main.o(.text) for SD_SPI_Write_read
    sdcard.o(.text) refers to sdcard.o(.data) for SDHC
    tasks.o(.text) refers to list.o(.text) for vListInitialise
    tasks.o(.text) refers to strncpy.o(.text) for strncpy
    tasks.o(.text) refers to heap_2.o(.text) for pvPortMalloc
    tasks.o(.text) refers to aeabi_memset.o(.text) for __aeabi_memset
    tasks.o(.text) refers to port.o(.text) for pxPortInitialiseStack
    tasks.o(.text) refers to tasks.o(.bss) for pxReadyTasksLists
    tasks.o(.text) refers to tasks.o(.data) for pxDelayedTaskList
    tasks.o(.text) refers to port.o(.emb_text) for vPortSetInterruptMask
    heap_2.o(.text) refers to tasks.o(.text) for vTaskSuspendAll
    heap_2.o(.text) refers to heap_2.o(.data) for xHeapHasBeenInitialised
    heap_2.o(.text) refers to heap_2.o(.bss) for xHeap
    port.o(.emb_text) refers to tasks.o(.text) for vTaskSwitchContext
    port.o(.emb_text) refers to tasks.o(.data) for pxCurrentTCB
    port.o(.text) refers to port.o(.emb_text) for vPortStartFirstTask
    port.o(.text) refers to tasks.o(.text) for vTaskIncrementTick
    port.o(.text) refers to port.o(.data) for uxCriticalNesting
    queue.o(.text) refers to heap_2.o(.text) for pvPortMalloc
    queue.o(.text) refers to list.o(.text) for vListInitialise
    queue.o(.text) refers to port.o(.text) for vPortEnterCritical
    queue.o(.text) refers to tasks.o(.text) for xTaskRemoveFromEventList
    queue.o(.text) refers to rt_memcpy_v6.o(.text) for __aeabi_memcpy
    queue.o(.text) refers to port.o(.emb_text) for vPortSetInterruptMask
    croutine.o(.text) refers to list.o(.text) for vListInitialise
    croutine.o(.text) refers to heap_2.o(.text) for pvPortMalloc
    croutine.o(.text) refers to port.o(.emb_text) for vPortSetInterruptMask
    croutine.o(.text) refers to tasks.o(.text) for xTaskGetTickCount
    croutine.o(.text) refers to croutine.o(.bss) for pxReadyCoRoutineLists
    croutine.o(.text) refers to croutine.o(.data) for pxDelayedCoRoutineList
    rt_memcpy_v6.o(.text) refers to rt_memcpy_w.o(.text) for __aeabi_memcpy4
    aeabi_memset.o(.text) refers to rt_memclr.o(.text) for _memset
    strncpy.o(.text) refers to rt_memclr.o(.text) for __aeabi_memclr
    __main.o(!!!main) refers to rtentry.o(.ARM.Collect$$rtentry$$00000000) for __rt_entry
    rtentry.o(.ARM.Collect$$rtentry$$00000000) refers (Special) to rtentry2.o(.ARM.Collect$$rtentry$$0000000A) for __rt_entry_li
    rtentry.o(.ARM.Collect$$rtentry$$00000000) refers (Special) to rtentry2.o(.ARM.Collect$$rtentry$$0000000D) for __rt_entry_main
    rtentry.o(.ARM.Collect$$rtentry$$00000000) refers (Special) to rtentry2.o(.ARM.Collect$$rtentry$$0000000C) for __rt_entry_postli_1
    rtentry.o(.ARM.Collect$$rtentry$$00000000) refers (Special) to rtentry2.o(.ARM.Collect$$rtentry$$00000009) for __rt_entry_postsh_1
    rtentry.o(.ARM.Collect$$rtentry$$00000000) refers (Special) to rtentry2.o(.ARM.Collect$$rtentry$$00000002) for __rt_entry_presh_1
    rtentry.o(.ARM.Collect$$rtentry$$00000000) refers (Special) to rtentry4.o(.ARM.Collect$$rtentry$$00000004) for __rt_entry_sh
    rt_memclr.o(.text) refers to rt_memclr_w.o(.text) for _memset_w
    rtentry2.o(.ARM.Collect$$rtentry$$00000008) refers to boardinit2.o(.text) for _platform_post_stackheap_init
    rtentry2.o(.ARM.Collect$$rtentry$$0000000A) refers to libinit.o(.ARM.Collect$$libinit$$00000000) for __rt_lib_init
    rtentry2.o(.ARM.Collect$$rtentry$$0000000B) refers to boardinit3.o(.text) for _platform_post_lib_init
    rtentry2.o(.ARM.Collect$$rtentry$$0000000D) refers to main.o(.text) for main
    rtentry2.o(.ARM.Collect$$rtentry$$0000000D) refers to exit.o(.text) for exit
    rtentry2.o(.ARM.exidx) refers to rtentry2.o(.ARM.Collect$$rtentry$$00000001) for .ARM.Collect$$rtentry$$00000001
    rtentry2.o(.ARM.exidx) refers to rtentry2.o(.ARM.Collect$$rtentry$$00000008) for .ARM.Collect$$rtentry$$00000008
    rtentry2.o(.ARM.exidx) refers to rtentry2.o(.ARM.Collect$$rtentry$$0000000A) for .ARM.Collect$$rtentry$$0000000A
    rtentry2.o(.ARM.exidx) refers to rtentry2.o(.ARM.Collect$$rtentry$$0000000B) for .ARM.Collect$$rtentry$$0000000B
    rtentry2.o(.ARM.exidx) refers to rtentry2.o(.ARM.Collect$$rtentry$$0000000D) for .ARM.Collect$$rtentry$$0000000D
    rtentry4.o(.ARM.Collect$$rtentry$$00000004) refers to sys_stackheap_outer.o(.text) for __user_setup_stackheap
    rtentry4.o(.ARM.exidx) refers to rtentry4.o(.ARM.Collect$$rtentry$$00000004) for .ARM.Collect$$rtentry$$00000004
    sys_stackheap_outer.o(.text) refers to libspace.o(.text) for __user_perproc_libspace
    sys_stackheap_outer.o(.text) refers to startup_stm32f10x_md.o(.text) for __user_initial_stackheap
    exit.o(.text) refers to rtexit.o(.ARM.Collect$$rtexit$$00000000) for __rt_exit
    libinit.o(.ARM.Collect$$libinit$$00000000) refers (Special) to libinit2.o(.ARM.Collect$$libinit$$0000002A) for __rt_lib_init_alloca_1
    libinit.o(.ARM.Collect$$libinit$$00000000) refers (Special) to libinit2.o(.ARM.Collect$$libinit$$00000028) for __rt_lib_init_argv_1
    libinit.o(.ARM.Collect$$libinit$$00000000) refers (Special) to libinit2.o(.ARM.Collect$$libinit$$00000017) for __rt_lib_init_atexit_1
    libinit.o(.ARM.Collect$$libinit$$00000000) refers (Special) to libinit2.o(.ARM.Collect$$libinit$$0000001D) for __rt_lib_init_clock_1
    libinit.o(.ARM.Collect$$libinit$$00000000) refers (Special) to libinit2.o(.ARM.Collect$$libinit$$0000002E) for __rt_lib_init_cpp_1
    libinit.o(.ARM.Collect$$libinit$$00000000) refers (Special) to libinit2.o(.ARM.Collect$$libinit$$0000002C) for __rt_lib_init_exceptions_1
    libinit.o(.ARM.Collect$$libinit$$00000000) refers (Special) to libinit2.o(.ARM.Collect$$libinit$$0000001B) for __rt_lib_init_fp_trap_1
    libinit.o(.ARM.Collect$$libinit$$00000000) refers (Special) to libinit2.o(.ARM.Collect$$libinit$$0000001F) for __rt_lib_init_getenv_1
    libinit.o(.ARM.Collect$$libinit$$00000000) refers (Special) to libinit2.o(.ARM.Collect$$libinit$$00000006) for __rt_lib_init_heap_1
    libinit.o(.ARM.Collect$$libinit$$00000000) refers (Special) to libinit2.o(.ARM.Collect$$libinit$$0000000D) for __rt_lib_init_lc_collate_1
    libinit.o(.ARM.Collect$$libinit$$00000000) refers (Special) to libinit2.o(.ARM.Collect$$libinit$$0000000F) for __rt_lib_init_lc_ctype_1
    libinit.o(.ARM.Collect$$libinit$$00000000) refers (Special) to libinit2.o(.ARM.Collect$$libinit$$00000011) for __rt_lib_init_lc_monetary_1
    libinit.o(.ARM.Collect$$libinit$$00000000) refers (Special) to libinit2.o(.ARM.Collect$$libinit$$00000013) for __rt_lib_init_lc_numeric_1
    libinit.o(.ARM.Collect$$libinit$$00000000) refers (Special) to libinit2.o(.ARM.Collect$$libinit$$00000015) for __rt_lib_init_lc_time_1
    libinit.o(.ARM.Collect$$libinit$$00000000) refers (Special) to libinit2.o(.ARM.Collect$$libinit$$0000000A) for __rt_lib_init_rand_1
    libinit.o(.ARM.Collect$$libinit$$00000000) refers (Special) to libinit2.o(.ARM.Collect$$libinit$$0000002F) for __rt_lib_init_return
    libinit.o(.ARM.Collect$$libinit$$00000000) refers (Special) to libinit2.o(.ARM.Collect$$libinit$$00000019) for __rt_lib_init_signal_1
    libinit.o(.ARM.Collect$$libinit$$00000000) refers (Special) to libinit2.o(.ARM.Collect$$libinit$$00000021) for __rt_lib_init_stdio_1
    libinit.o(.ARM.Collect$$libinit$$00000000) refers (Special) to libinit2.o(.ARM.Collect$$libinit$$00000008) for __rt_lib_init_user_alloc_1
    libinit.o(.ARM.Collect$$libinit$$00000000) refers to fpinit.o(x$fpl$fpinit) for _fp_init
    libspace.o(.text) refers to libspace.o(.bss) for __libspace_start
    rtexit.o(.ARM.Collect$$rtexit$$00000000) refers (Special) to rtexit2.o(.ARM.Collect$$rtexit$$00000004) for __rt_exit_exit
    rtexit.o(.ARM.Collect$$rtexit$$00000000) refers (Special) to rtexit2.o(.ARM.Collect$$rtexit$$00000003) for __rt_exit_ls
    rtexit.o(.ARM.Collect$$rtexit$$00000000) refers (Special) to rtexit2.o(.ARM.Collect$$rtexit$$00000002) for __rt_exit_prels_1
    rtexit.o(.ARM.exidx) refers (Special) to rtexit2.o(.ARM.Collect$$rtexit$$00000004) for __rt_exit_exit
    rtexit.o(.ARM.exidx) refers (Special) to rtexit2.o(.ARM.Collect$$rtexit$$00000003) for __rt_exit_ls
    rtexit.o(.ARM.exidx) refers (Special) to rtexit2.o(.ARM.Collect$$rtexit$$00000002) for __rt_exit_prels_1
    rtexit.o(.ARM.exidx) refers to rtexit.o(.ARM.Collect$$rtexit$$00000000) for .ARM.Collect$$rtexit$$00000000
    libinit2.o(.ARM.Collect$$libinit$$0000000C) refers to libinit2.o(.ARM.Collect$$libinit$$0000000B) for .ARM.Collect$$libinit$$0000000B
    libinit2.o(.ARM.Collect$$libinit$$0000000E) refers to libinit2.o(.ARM.Collect$$libinit$$0000000B) for .ARM.Collect$$libinit$$0000000B
    libinit2.o(.ARM.Collect$$libinit$$00000010) refers to libinit2.o(.ARM.Collect$$libinit$$0000000B) for .ARM.Collect$$libinit$$0000000B
    libinit2.o(.ARM.Collect$$libinit$$00000012) refers to libinit2.o(.ARM.Collect$$libinit$$0000000B) for .ARM.Collect$$libinit$$0000000B
    libinit2.o(.ARM.Collect$$libinit$$00000014) refers to libinit2.o(.ARM.Collect$$libinit$$0000000B) for .ARM.Collect$$libinit$$0000000B
    libinit2.o(.ARM.Collect$$libinit$$00000022) refers to argv_veneer.o(.emb_text) for __ARM_argv_veneer
    libinit2.o(.ARM.Collect$$libinit$$00000023) refers to argv_veneer.o(.emb_text) for __ARM_argv_veneer
    fpinit.o(x$fpl$fpinit) refers to rt_fp_status_addr_intlibspace.o(.text) for __rt_fp_status_addr
    rtexit2.o(.ARM.Collect$$rtexit$$00000003) refers to libshutdown.o(.ARM.Collect$$libshutdown$$00000000) for __rt_lib_shutdown
    rtexit2.o(.ARM.Collect$$rtexit$$00000004) refers to sys_exit.o(.text) for _sys_exit
    rtexit2.o(.ARM.exidx) refers to rtexit2.o(.ARM.Collect$$rtexit$$00000001) for .ARM.Collect$$rtexit$$00000001
    rtexit2.o(.ARM.exidx) refers to rtexit2.o(.ARM.Collect$$rtexit$$00000003) for .ARM.Collect$$rtexit$$00000003
    rtexit2.o(.ARM.exidx) refers to rtexit2.o(.ARM.Collect$$rtexit$$00000004) for .ARM.Collect$$rtexit$$00000004
    rt_fp_status_addr.o(.text) refers to rt_fp_status_addr.o(.bss) for __rt_fp_status_addr_data
    rt_fp_status_addr_intlibspace.o(.text) refers to libspace.o(.bss) for __libspace_start
    argv_veneer.o(.emb_text) refers to no_argv.o(.text) for __ARM_get_argv
    sys_exit.o(.text) refers (Special) to use_no_semi.o(.text) for __I$use$semihosting
    sys_exit.o(.text) refers (Special) to indicate_semi.o(.text) for __semihosting_library_function
    _get_argv_nomalloc.o(.text) refers (Special) to hrguard.o(.text) for __heap_region$guard
    _get_argv_nomalloc.o(.text) refers to defsig_rtmem_outer.o(.text) for __rt_SIGRTMEM
    _get_argv_nomalloc.o(.text) refers to sys_command.o(.text) for _sys_command_string
    libshutdown.o(.ARM.Collect$$libshutdown$$00000000) refers (Special) to libshutdown2.o(.ARM.Collect$$libshutdown$$00000006) for __rt_lib_shutdown_fp_trap_1
    libshutdown.o(.ARM.Collect$$libshutdown$$00000000) refers (Special) to libshutdown2.o(.ARM.Collect$$libshutdown$$0000000E) for __rt_lib_shutdown_heap_1
    libshutdown.o(.ARM.Collect$$libshutdown$$00000000) refers (Special) to libshutdown2.o(.ARM.Collect$$libshutdown$$0000000F) for __rt_lib_shutdown_return
    libshutdown.o(.ARM.Collect$$libshutdown$$00000000) refers (Special) to libshutdown2.o(.ARM.Collect$$libshutdown$$00000009) for __rt_lib_shutdown_signal_1
    libshutdown.o(.ARM.Collect$$libshutdown$$00000000) refers (Special) to libshutdown2.o(.ARM.Collect$$libshutdown$$00000003) for __rt_lib_shutdown_stdio_1
    libshutdown.o(.ARM.Collect$$libshutdown$$00000000) refers (Special) to libshutdown2.o(.ARM.Collect$$libshutdown$$0000000B) for __rt_lib_shutdown_user_alloc_1
    sys_command.o(.text) refers (Special) to use_no_semi.o(.text) for __I$use$semihosting
    sys_command.o(.text) refers (Special) to indicate_semi.o(.text) for __semihosting_library_function
    defsig_rtmem_outer.o(.text) refers to defsig_rtmem_inner.o(.text) for __rt_SIGRTMEM_inner
    defsig_rtmem_outer.o(.text) refers to defsig_exit.o(.text) for __sig_exit
    defsig_rtmem_formal.o(.text) refers to rt_raise.o(.text) for __rt_raise
    rt_raise.o(.text) refers to __raise.o(.text) for __raise
    rt_raise.o(.text) refers to sys_exit.o(.text) for _sys_exit
    defsig_exit.o(.text) refers to sys_exit.o(.text) for _sys_exit
    defsig_rtmem_inner.o(.text) refers to defsig_general.o(.text) for __default_signal_display
    __raise.o(.text) refers to defsig.o(CL$$defsig) for __default_signal_handler
    defsig_general.o(.text) refers to sys_wrch.o(.text) for _ttywrch
    sys_wrch.o(.text) refers (Special) to use_no_semi.o(.text) for __I$use$semihosting
    sys_wrch.o(.text) refers (Special) to indicate_semi.o(.text) for __semihosting_library_function
    defsig.o(CL$$defsig) refers to defsig_rtmem_inner.o(.text) for __rt_SIGRTMEM_inner
    defsig_abrt_inner.o(.text) refers to defsig_general.o(.text) for __default_signal_display
    defsig_fpe_inner.o(.text) refers to defsig_general.o(.text) for __default_signal_display
    defsig_rtred_inner.o(.text) refers to defsig_general.o(.text) for __default_signal_display
    defsig_stak_inner.o(.text) refers to defsig_general.o(.text) for __default_signal_display
    defsig_pvfn_inner.o(.text) refers to defsig_general.o(.text) for __default_signal_display
    defsig_cppl_inner.o(.text) refers to defsig_general.o(.text) for __default_signal_display
    defsig_segv_inner.o(.text) refers to defsig_general.o(.text) for __default_signal_display
    defsig_other.o(.text) refers to defsig_general.o(.text) for __default_signal_display


==============================================================================

Removing Unused input sections from the image.

    Removing core_cm3.o(.emb_text), (32 bytes).
    Removing croutine.o(.text), (740 bytes).
    Removing croutine.o(.bss), (100 bytes).
    Removing croutine.o(.data), (28 bytes).

4 unused section(s) (total 900 bytes) removed from the image.

==============================================================================

Image Symbol Table

    Local Symbols

    Symbol Name                              Value     Ov Type        Size  Object(Section)

    ../../angel/boardlib.s                   0x00000000   Number         0  boardinit1.o ABSOLUTE
    ../../angel/boardlib.s                   0x00000000   Number         0  boardinit2.o ABSOLUTE
    ../../angel/boardlib.s                   0x00000000   Number         0  boardinit3.o ABSOLUTE
    ../../angel/boardlib.s                   0x00000000   Number         0  boardshut.o ABSOLUTE
    ../../angel/handlers.s                   0x00000000   Number         0  __scatter_copy.o ABSOLUTE
    ../../angel/handlers.s                   0x00000000   Number         0  __scatter_zi.o ABSOLUTE
    ../../angel/kernel.s                     0x00000000   Number         0  rtentry2.o ABSOLUTE
    ../../angel/kernel.s                     0x00000000   Number         0  rtexit.o ABSOLUTE
    ../../angel/kernel.s                     0x00000000   Number         0  rtentry4.o ABSOLUTE
    ../../angel/kernel.s                     0x00000000   Number         0  rtentry.o ABSOLUTE
    ../../angel/kernel.s                     0x00000000   Number         0  rtexit2.o ABSOLUTE
    ../../angel/rt.s                         0x00000000   Number         0  rt_raise.o ABSOLUTE
    ../../angel/rt.s                         0x00000000   Number         0  rt_fp_status_addr_intlibspace.o ABSOLUTE
    ../../angel/rt.s                         0x00000000   Number         0  rt_fp_status_addr.o ABSOLUTE
    ../../angel/scatter.s                    0x00000000   Number         0  __scatter.o ABSOLUTE
    ../../angel/startup.s                    0x00000000   Number         0  __main.o ABSOLUTE
    ../../angel/sys.s                        0x00000000   Number         0  libspace.o ABSOLUTE
    ../../angel/sys.s                        0x00000000   Number         0  indicate_semi.o ABSOLUTE
    ../../angel/sys.s                        0x00000000   Number         0  use_no_semi.o ABSOLUTE
    ../../angel/sys.s                        0x00000000   Number         0  sys_stackheap_outer.o ABSOLUTE
    ../../angel/sysapp.c                     0x00000000   Number         0  sys_command.o ABSOLUTE
    ../../angel/sysapp.c                     0x00000000   Number         0  sys_wrch.o ABSOLUTE
    ../../angel/sysapp.c                     0x00000000   Number         0  sys_exit.o ABSOLUTE
    ../../armsys.c                           0x00000000   Number         0  no_argv.o ABSOLUTE
    ../../armsys.c                           0x00000000   Number         0  _get_argv_nomalloc.o ABSOLUTE
    ../../armsys.c                           0x00000000   Number         0  argv_veneer.o ABSOLUTE
    ../../armsys.c                           0x00000000   Number         0  argv_veneer.o ABSOLUTE
    ../../fpinit.s                           0x00000000   Number         0  fpinit.o ABSOLUTE
    ../../heapalloc.c                        0x00000000   Number         0  hrguard.o ABSOLUTE
    ../../heapaux.c                          0x00000000   Number         0  heapauxi.o ABSOLUTE
    ../../libinit.s                          0x00000000   Number         0  libshutdown2.o ABSOLUTE
    ../../libinit.s                          0x00000000   Number         0  libinit.o ABSOLUTE
    ../../libinit.s                          0x00000000   Number         0  libinit2.o ABSOLUTE
    ../../libinit.s                          0x00000000   Number         0  libshutdown.o ABSOLUTE
    ../../memcpset.s                         0x00000000   Number         0  rt_memclr_w.o ABSOLUTE
    ../../memcpset.s                         0x00000000   Number         0  aeabi_memset.o ABSOLUTE
    ../../memcpset.s                         0x00000000   Number         0  strncpy.o ABSOLUTE
    ../../memcpset.s                         0x00000000   Number         0  rt_memcpy_w.o ABSOLUTE
    ../../memcpset.s                         0x00000000   Number         0  rt_memclr.o ABSOLUTE
    ../../memcpset.s                         0x00000000   Number         0  rt_memcpy_v6.o ABSOLUTE
    ../../signal.c                           0x00000000   Number         0  __raise.o ABSOLUTE
    ../../signal.c                           0x00000000   Number         0  defsig_rtmem_inner.o ABSOLUTE
    ../../signal.c                           0x00000000   Number         0  defsig_exit.o ABSOLUTE
    ../../signal.c                           0x00000000   Number         0  defsig_rtmem_formal.o ABSOLUTE
    ../../signal.c                           0x00000000   Number         0  defsig_rtred_inner.o ABSOLUTE
    ../../signal.c                           0x00000000   Number         0  defsig_rtmem_outer.o ABSOLUTE
    ../../signal.c                           0x00000000   Number         0  defsig_fpe_inner.o ABSOLUTE
    ../../signal.c                           0x00000000   Number         0  defsig_abrt_inner.o ABSOLUTE
    ../../signal.c                           0x00000000   Number         0  defsig_cppl_inner.o ABSOLUTE
    ../../signal.c                           0x00000000   Number         0  defsig_general.o ABSOLUTE
    ../../signal.c                           0x00000000   Number         0  defsig_other.o ABSOLUTE
    ../../signal.c                           0x00000000   Number         0  defsig_segv_inner.o ABSOLUTE
    ../../signal.c                           0x00000000   Number         0  defsig_pvfn_inner.o ABSOLUTE
    ../../signal.c                           0x00000000   Number         0  defsig_stak_inner.o ABSOLUTE
    ../../signal.s                           0x00000000   Number         0  defsig.o ABSOLUTE
    ../../stdlib.c                           0x00000000   Number         0  exit.o ABSOLUTE
    ..\CMSIS\CoreSupport\core_cm3.c          0x00000000   Number         0  core_cm3.o ABSOLUTE
    ..\CMSIS\DeviceSupport\ST\STM32F10x\system_stm32f10x.c 0x00000000   Number         0  system_stm32f10x.o ABSOLUTE
    ..\FatFs\src\diskio.c                    0x00000000   Number         0  diskio.o ABSOLUTE
    ..\FatFs\src\ff.c                        0x00000000   Number         0  ff.o ABSOLUTE
    ..\File_types\image_files.c              0x00000000   Number         0  image_files.o ABSOLUTE
    ..\FreeRTOS\croutine.c                   0x00000000   Number         0  croutine.o ABSOLUTE
    ..\FreeRTOS\heap_2.c                     0x00000000   Number         0  heap_2.o ABSOLUTE
    ..\FreeRTOS\list.c                       0x00000000   Number         0  list.o ABSOLUTE
    ..\FreeRTOS\port.c                       0x00000000   Number         0  port.o ABSOLUTE
    ..\FreeRTOS\queue.c                      0x00000000   Number         0  queue.o ABSOLUTE
    ..\FreeRTOS\tasks.c                      0x00000000   Number         0  tasks.o ABSOLUTE
    ..\FreeRTOS\timers.c                     0x00000000   Number         0  timers.o ABSOLUTE
    ..\Nokia1616\Nokia1616.c                 0x00000000   Number         0  nokia1616.o ABSOLUTE
    ..\Nokia1616\Nokia1616_GUI.c             0x00000000   Number         0  nokia1616_gui.o ABSOLUTE
    ..\SDcard\SDcard.c                       0x00000000   Number         0  sdcard.o ABSOLUTE
    ..\\CMSIS\\CoreSupport\\core_cm3.c       0x00000000   Number         0  core_cm3.o ABSOLUTE
    ..\\FreeRTOS\\port.c                     0x00000000   Number         0  port.o ABSOLUTE
    dc.s                                     0x00000000   Number         0  dc.o ABSOLUTE
    main.c                                   0x00000000   Number         0  main.o ABSOLUTE
    startup_stm32f10x_md.s                   0x00000000   Number         0  startup_stm32f10x_md.o ABSOLUTE
    RESET                                    0x08000000   Section      236  startup_stm32f10x_md.o(RESET)
    !!!main                                  0x080000ec   Section        8  __main.o(!!!main)
    !!!scatter                               0x080000f4   Section       52  __scatter.o(!!!scatter)
    !!handler_copy                           0x08000128   Section       26  __scatter_copy.o(!!handler_copy)
    !!handler_zi                             0x08000144   Section       28  __scatter_zi.o(!!handler_zi)
    .ARM.Collect$$libinit$$00000000          0x08000160   Section        6  libinit.o(.ARM.Collect$$libinit$$00000000)
    .ARM.Collect$$libinit$$00000006          0x08000166   Section        0  libinit2.o(.ARM.Collect$$libinit$$00000006)
    .ARM.Collect$$libinit$$00000008          0x08000166   Section        0  libinit2.o(.ARM.Collect$$libinit$$00000008)
    .ARM.Collect$$libinit$$0000000A          0x08000166   Section        0  libinit2.o(.ARM.Collect$$libinit$$0000000A)
    .ARM.Collect$$libinit$$0000000D          0x08000166   Section        0  libinit2.o(.ARM.Collect$$libinit$$0000000D)
    .ARM.Collect$$libinit$$0000000F          0x08000166   Section        0  libinit2.o(.ARM.Collect$$libinit$$0000000F)
    .ARM.Collect$$libinit$$00000011          0x08000166   Section        0  libinit2.o(.ARM.Collect$$libinit$$00000011)
    .ARM.Collect$$libinit$$00000013          0x08000166   Section        0  libinit2.o(.ARM.Collect$$libinit$$00000013)
    .ARM.Collect$$libinit$$00000015          0x08000166   Section        0  libinit2.o(.ARM.Collect$$libinit$$00000015)
    .ARM.Collect$$libinit$$00000017          0x08000166   Section        0  libinit2.o(.ARM.Collect$$libinit$$00000017)
    .ARM.Collect$$libinit$$00000019          0x08000166   Section        0  libinit2.o(.ARM.Collect$$libinit$$00000019)
    .ARM.Collect$$libinit$$0000001B          0x08000166   Section        0  libinit2.o(.ARM.Collect$$libinit$$0000001B)
    .ARM.Collect$$libinit$$0000001D          0x08000166   Section        0  libinit2.o(.ARM.Collect$$libinit$$0000001D)
    .ARM.Collect$$libinit$$0000001F          0x08000166   Section        0  libinit2.o(.ARM.Collect$$libinit$$0000001F)
    .ARM.Collect$$libinit$$00000021          0x08000166   Section        0  libinit2.o(.ARM.Collect$$libinit$$00000021)
    .ARM.Collect$$libinit$$00000028          0x08000166   Section        0  libinit2.o(.ARM.Collect$$libinit$$00000028)
    .ARM.Collect$$libinit$$0000002A          0x08000166   Section        0  libinit2.o(.ARM.Collect$$libinit$$0000002A)
    .ARM.Collect$$libinit$$0000002C          0x08000166   Section        0  libinit2.o(.ARM.Collect$$libinit$$0000002C)
    .ARM.Collect$$libinit$$0000002E          0x08000166   Section        0  libinit2.o(.ARM.Collect$$libinit$$0000002E)
    .ARM.Collect$$libinit$$0000002F          0x08000166   Section        2  libinit2.o(.ARM.Collect$$libinit$$0000002F)
    .ARM.Collect$$libshutdown$$00000000      0x08000168   Section        2  libshutdown.o(.ARM.Collect$$libshutdown$$00000000)
    .ARM.Collect$$libshutdown$$00000003      0x0800016a   Section        0  libshutdown2.o(.ARM.Collect$$libshutdown$$00000003)
    .ARM.Collect$$libshutdown$$00000006      0x0800016a   Section        0  libshutdown2.o(.ARM.Collect$$libshutdown$$00000006)
    .ARM.Collect$$libshutdown$$00000009      0x0800016a   Section        0  libshutdown2.o(.ARM.Collect$$libshutdown$$00000009)
    .ARM.Collect$$libshutdown$$0000000B      0x0800016a   Section        0  libshutdown2.o(.ARM.Collect$$libshutdown$$0000000B)
    .ARM.Collect$$libshutdown$$0000000E      0x0800016a   Section        0  libshutdown2.o(.ARM.Collect$$libshutdown$$0000000E)
    .ARM.Collect$$libshutdown$$0000000F      0x0800016a   Section        2  libshutdown2.o(.ARM.Collect$$libshutdown$$0000000F)
    .ARM.Collect$$rtentry$$00000000          0x0800016c   Section        0  rtentry.o(.ARM.Collect$$rtentry$$00000000)
    .ARM.Collect$$rtentry$$00000002          0x0800016c   Section        0  rtentry2.o(.ARM.Collect$$rtentry$$00000002)
    .ARM.Collect$$rtentry$$00000004          0x0800016c   Section        6  rtentry4.o(.ARM.Collect$$rtentry$$00000004)
    .ARM.Collect$$rtentry$$00000009          0x08000172   Section        0  rtentry2.o(.ARM.Collect$$rtentry$$00000009)
    .ARM.Collect$$rtentry$$0000000A          0x08000172   Section        4  rtentry2.o(.ARM.Collect$$rtentry$$0000000A)
    .ARM.Collect$$rtentry$$0000000C          0x08000176   Section        0  rtentry2.o(.ARM.Collect$$rtentry$$0000000C)
    .ARM.Collect$$rtentry$$0000000D          0x08000176   Section        8  rtentry2.o(.ARM.Collect$$rtentry$$0000000D)
    .ARM.Collect$$rtexit$$00000000           0x0800017e   Section        2  rtexit.o(.ARM.Collect$$rtexit$$00000000)
    .ARM.Collect$$rtexit$$00000002           0x08000180   Section        0  rtexit2.o(.ARM.Collect$$rtexit$$00000002)
    .ARM.Collect$$rtexit$$00000003           0x08000180   Section        4  rtexit2.o(.ARM.Collect$$rtexit$$00000003)
    .ARM.Collect$$rtexit$$00000004           0x08000184   Section        6  rtexit2.o(.ARM.Collect$$rtexit$$00000004)
    .emb_text                                0x0800018c   Section      140  port.o(.emb_text)
    .text                                    0x08000218   Section       64  startup_stm32f10x_md.o(.text)
    .text                                    0x08000258   Section        0  system_stm32f10x.o(.text)
    SetSysClockToHSE                         0x08000259   Thumb Code   140  system_stm32f10x.o(.text)
    SetSysClock                              0x080002e5   Thumb Code     8  system_stm32f10x.o(.text)
    .text                                    0x080003e0   Section        0  image_files.o(.text)
    .text                                    0x080004d8   Section        0  main.o(.text)
    NVIC_SetPriority                         0x080004d9   Thumb Code    32  main.o(.text)
    NVIC_EnableIRQ                           0x0800174f   Thumb Code    24  main.o(.text)
    .text                                    0x08001790   Section        0  nokia1616.o(.text)
    .text                                    0x08001cd4   Section        0  diskio.o(.text)
    .text                                    0x08001d54   Section        0  ff.o(.text)
    mem_cpy                                  0x08001d59   Thumb Code    26  ff.o(.text)
    mem_set                                  0x08001d73   Thumb Code    20  ff.o(.text)
    mem_cmp                                  0x08001d87   Thumb Code    38  ff.o(.text)
    chk_chr                                  0x08001dad   Thumb Code    20  ff.o(.text)
    move_window                              0x08001dc1   Thumb Code   114  ff.o(.text)
    sync                                     0x08001e33   Thumb Code   200  ff.o(.text)
    remove_chain                             0x0800212f   Thumb Code   104  ff.o(.text)
    create_chain                             0x08002197   Thumb Code   202  ff.o(.text)
    dir_sdi                                  0x08002261   Thumb Code   156  ff.o(.text)
    dir_next                                 0x080022fd   Thumb Code   276  ff.o(.text)
    ld_clust                                 0x08002411   Thumb Code    32  ff.o(.text)
    st_clust                                 0x08002431   Thumb Code    16  ff.o(.text)
    dir_find                                 0x08002441   Thumb Code    92  ff.o(.text)
    dir_read                                 0x0800249d   Thumb Code    86  ff.o(.text)
    dir_register                             0x080024f3   Thumb Code   110  ff.o(.text)
    dir_remove                               0x08002561   Thumb Code    44  ff.o(.text)
    create_name                              0x0800258d   Thumb Code   336  ff.o(.text)
    get_fileinfo                             0x080026dd   Thumb Code   152  ff.o(.text)
    follow_path                              0x08002775   Thumb Code   146  ff.o(.text)
    check_fs                                 0x08002807   Thumb Code   138  ff.o(.text)
    chk_mounted                              0x08002891   Thumb Code   932  ff.o(.text)
    validate                                 0x08002c35   Thumb Code    52  ff.o(.text)
    .text                                    0x08003ab0   Section        0  sdcard.o(.text)
    .text                                    0x08003dfc   Section        0  tasks.o(.text)
    prvInitialiseTaskLists                   0x08003dfd   Thumb Code    64  tasks.o(.text)
    prvInitialiseTCBVariables                0x08003e3d   Thumb Code    70  tasks.o(.text)
    prvAllocateTCBAndStack                   0x08003e83   Thumb Code    58  tasks.o(.text)
    prvAddCurrentTaskToDelayedList           0x0800414d   Thumb Code    62  tasks.o(.text)
    prvCheckTasksWaitingTermination          0x0800449b   Thumb Code     2  tasks.o(.text)
    prvIdleTask                              0x0800449d   Thumb Code    20  tasks.o(.text)
    .text                                    0x08004738   Section        0  heap_2.o(.text)
    .text                                    0x08004850   Section        0  port.o(.text)
    prvSetupTimerInterrupt                   0x0800486b   Thumb Code    14  port.o(.text)
    .text                                    0x08004904   Section        0  queue.o(.text)
    prvUnlockQueue                           0x08004977   Thumb Code   126  queue.o(.text)
    prvIsQueueFull                           0x080049f5   Thumb Code    32  queue.o(.text)
    prvCopyDataToQueue                       0x08004a15   Thumb Code   104  queue.o(.text)
    prvIsQueueEmpty                          0x08004bed   Thumb Code    28  queue.o(.text)
    prvCopyDataFromQueue                     0x08004c09   Thumb Code    42  queue.o(.text)
    .text                                    0x08004df2   Section        0  list.o(.text)
    .text                                    0x08004e86   Section      138  rt_memcpy_v6.o(.text)
    .text                                    0x08004f10   Section      100  rt_memcpy_w.o(.text)
    .text                                    0x08004f74   Section       16  aeabi_memset.o(.text)
    .text                                    0x08004f84   Section       86  strncpy.o(.text)
    .text                                    0x08004fda   Section        0  heapauxi.o(.text)
    .text                                    0x08004fe0   Section       68  rt_memclr.o(.text)
    .text                                    0x08005024   Section       78  rt_memclr_w.o(.text)
    .text                                    0x08005072   Section       74  sys_stackheap_outer.o(.text)
    .text                                    0x080050bc   Section        0  exit.o(.text)
    .text                                    0x080050c8   Section        8  libspace.o(.text)
    .text                                    0x080050d0   Section        8  rt_fp_status_addr_intlibspace.o(.text)
    .text                                    0x080050d8   Section        0  sys_exit.o(.text)
    .text                                    0x080050e4   Section        2  use_no_semi.o(.text)
    .text                                    0x080050e6   Section        0  indicate_semi.o(.text)
    x$fpl$fpinit                             0x080050e6   Section       14  fpinit.o(x$fpl$fpinit)
    .constdata                               0x080050f4   Section       16  main.o(.constdata)
    .constdata                               0x08005104   Section     1444  nokia1616.o(.constdata)
    .constdata                               0x080056a8   Section       58  nokia1616_gui.o(.constdata)
    .data                                    0x20000000   Section       20  system_stm32f10x.o(.data)
    .data                                    0x20000014   Section      112  main.o(.data)
    xHigherPriorityTaskWoken                 0x2000004c   Data           4  main.o(.data)
    .data                                    0x20000084   Section        8  nokia1616.o(.data)
    .data                                    0x2000008c   Section        6  ff.o(.data)
    FatFs                                    0x2000008c   Data           4  ff.o(.data)
    Fsid                                     0x20000090   Data           2  ff.o(.data)
    .data                                    0x20000094   Section       36  nokia1616_gui.o(.data)
    .data                                    0x200000b8   Section        1  sdcard.o(.data)
    .data                                    0x200000bc   Section       56  tasks.o(.data)
    uxCurrentNumberOfTasks                   0x200000c0   Data           4  tasks.o(.data)
    xTickCount                               0x200000c4   Data           4  tasks.o(.data)
    uxTopUsedPriority                        0x200000c8   Data           4  tasks.o(.data)
    uxTopReadyPriority                       0x200000cc   Data           4  tasks.o(.data)
    xSchedulerRunning                        0x200000d0   Data           4  tasks.o(.data)
    uxSchedulerSuspended                     0x200000d4   Data           4  tasks.o(.data)
    uxMissedTicks                            0x200000d8   Data           4  tasks.o(.data)
    xMissedYield                             0x200000dc   Data           4  tasks.o(.data)
    xNumOfOverflows                          0x200000e0   Data           4  tasks.o(.data)
    uxTCBNumber                              0x200000e4   Data           4  tasks.o(.data)
    xNextTaskUnblockTime                     0x200000e8   Data           4  tasks.o(.data)
    pxDelayedTaskList                        0x200000ec   Data           4  tasks.o(.data)
    pxOverflowDelayedTaskList                0x200000f0   Data           4  tasks.o(.data)
    .data                                    0x200000f4   Section       24  heap_2.o(.data)
    xFreeBytesRemaining                      0x200000f4   Data           4  heap_2.o(.data)
    xHeapHasBeenInitialised                  0x200000f8   Data           4  heap_2.o(.data)
    xStart                                   0x200000fc   Data           8  heap_2.o(.data)
    xEnd                                     0x20000104   Data           8  heap_2.o(.data)
    .data                                    0x2000010c   Section        4  port.o(.data)
    uxCriticalNesting                        0x2000010c   Data           4  port.o(.data)
    .bss                                     0x20000110   Section     8964  main.o(.bss)
    .bss                                     0x20002414   Section      180  tasks.o(.bss)
    pxReadyTasksLists                        0x20002414   Data         100  tasks.o(.bss)
    xDelayedTaskList1                        0x20002478   Data          20  tasks.o(.bss)
    xDelayedTaskList2                        0x2000248c   Data          20  tasks.o(.bss)
    xPendingReadyList                        0x200024a0   Data          20  tasks.o(.bss)
    xSuspendedTaskList                       0x200024b4   Data          20  tasks.o(.bss)
    .bss                                     0x200024c8   Section     5120  heap_2.o(.bss)
    xHeap                                    0x200024c8   Data        5120  heap_2.o(.bss)
    .bss                                     0x200038c8   Section       96  libspace.o(.bss)
    HEAP                                     0x20003928   Section      512  startup_stm32f10x_md.o(HEAP)
    Heap_Mem                                 0x20003928   Data         512  startup_stm32f10x_md.o(HEAP)
    STACK                                    0x20003b28   Section     1024  startup_stm32f10x_md.o(STACK)
    Stack_Mem                                0x20003b28   Data        1024  startup_stm32f10x_md.o(STACK)
    __initial_sp                             0x20003f28   Data           0  startup_stm32f10x_md.o(STACK)

    Global Symbols

    Symbol Name                              Value     Ov Type        Size  Object(Section)

    BuildAttributes$$THM_ISAv4$P$D$K$B$S$PE$A:L22UL41UL21$X:L11$S22US41US21$IEEE1$IW$USESV6$~STKCKD$USESV7$~SHL$OSPACE$ROPI$EBA8$UX$STANDARDLIB$REQ8$PRES8$EABIv2 0x00000000   Number         0  anon$$obj.o ABSOLUTE
    __ARM_use_no_argv                        0x00000000   Number         0  main.o ABSOLUTE
    __ARM_exceptions_init                     - Undefined Weak Reference
    __alloca_initialize                       - Undefined Weak Reference
    __cpp_initialize__aeabi_                  - Undefined Weak Reference
    __cxa_finalize                            - Undefined Weak Reference
    __rt_locale                               - Undefined Weak Reference
    __sigvec_lookup                           - Undefined Weak Reference
    _atexit_init                              - Undefined Weak Reference
    _call_atexit_fns                          - Undefined Weak Reference
    _clock_init                               - Undefined Weak Reference
    _fp_trap_init                             - Undefined Weak Reference
    _fp_trap_shutdown                         - Undefined Weak Reference
    _get_lc_collate                           - Undefined Weak Reference
    _get_lc_ctype                             - Undefined Weak Reference
    _get_lc_monetary                          - Undefined Weak Reference
    _get_lc_numeric                           - Undefined Weak Reference
    _get_lc_time                              - Undefined Weak Reference
    _getenv_init                              - Undefined Weak Reference
    _handle_redirection                       - Undefined Weak Reference
    _init_alloc                               - Undefined Weak Reference
    _init_user_alloc                          - Undefined Weak Reference
    _initio                                   - Undefined Weak Reference
    _rand_init                                - Undefined Weak Reference
    _signal_finish                            - Undefined Weak Reference
    _signal_init                              - Undefined Weak Reference
    _terminate_alloc                          - Undefined Weak Reference
    _terminate_user_alloc                     - Undefined Weak Reference
    _terminateio                              - Undefined Weak Reference
    __Vectors_Size                           0x000000ec   Number         0  startup_stm32f10x_md.o ABSOLUTE
    __Vectors                                0x08000000   Data           4  startup_stm32f10x_md.o(RESET)
    __Vectors_End                            0x080000ec   Data           0  startup_stm32f10x_md.o(RESET)
    __main                                   0x080000ed   Thumb Code     8  __main.o(!!!main)
    __scatterload                            0x080000f5   Thumb Code     0  __scatter.o(!!!scatter)
    __scatterload_rt2                        0x080000f5   Thumb Code    44  __scatter.o(!!!scatter)
    __scatterload_rt2_thumb_only             0x080000f5   Thumb Code     0  __scatter.o(!!!scatter)
    __scatterload_null                       0x08000103   Thumb Code     0  __scatter.o(!!!scatter)
    __scatterload_copy                       0x08000129   Thumb Code    26  __scatter_copy.o(!!handler_copy)
    __scatterload_zeroinit                   0x08000145   Thumb Code    28  __scatter_zi.o(!!handler_zi)
    __rt_lib_init                            0x08000161   Thumb Code     0  libinit.o(.ARM.Collect$$libinit$$00000000)
    __rt_lib_init_alloca_1                   0x08000167   Thumb Code     0  libinit2.o(.ARM.Collect$$libinit$$0000002A)
    __rt_lib_init_argv_1                     0x08000167   Thumb Code     0  libinit2.o(.ARM.Collect$$libinit$$00000028)
    __rt_lib_init_atexit_1                   0x08000167   Thumb Code     0  libinit2.o(.ARM.Collect$$libinit$$00000017)
    __rt_lib_init_clock_1                    0x08000167   Thumb Code     0  libinit2.o(.ARM.Collect$$libinit$$0000001D)
    __rt_lib_init_cpp_1                      0x08000167   Thumb Code     0  libinit2.o(.ARM.Collect$$libinit$$0000002E)
    __rt_lib_init_exceptions_1               0x08000167   Thumb Code     0  libinit2.o(.ARM.Collect$$libinit$$0000002C)
    __rt_lib_init_fp_trap_1                  0x08000167   Thumb Code     0  libinit2.o(.ARM.Collect$$libinit$$0000001B)
    __rt_lib_init_getenv_1                   0x08000167   Thumb Code     0  libinit2.o(.ARM.Collect$$libinit$$0000001F)
    __rt_lib_init_heap_1                     0x08000167   Thumb Code     0  libinit2.o(.ARM.Collect$$libinit$$00000006)
    __rt_lib_init_lc_collate_1               0x08000167   Thumb Code     0  libinit2.o(.ARM.Collect$$libinit$$0000000D)
    __rt_lib_init_lc_ctype_1                 0x08000167   Thumb Code     0  libinit2.o(.ARM.Collect$$libinit$$0000000F)
    __rt_lib_init_lc_monetary_1              0x08000167   Thumb Code     0  libinit2.o(.ARM.Collect$$libinit$$00000011)
    __rt_lib_init_lc_numeric_1               0x08000167   Thumb Code     0  libinit2.o(.ARM.Collect$$libinit$$00000013)
    __rt_lib_init_lc_time_1                  0x08000167   Thumb Code     0  libinit2.o(.ARM.Collect$$libinit$$00000015)
    __rt_lib_init_rand_1                     0x08000167   Thumb Code     0  libinit2.o(.ARM.Collect$$libinit$$0000000A)
    __rt_lib_init_return                     0x08000167   Thumb Code     0  libinit2.o(.ARM.Collect$$libinit$$0000002F)
    __rt_lib_init_signal_1                   0x08000167   Thumb Code     0  libinit2.o(.ARM.Collect$$libinit$$00000019)
    __rt_lib_init_stdio_1                    0x08000167   Thumb Code     0  libinit2.o(.ARM.Collect$$libinit$$00000021)
    __rt_lib_init_user_alloc_1               0x08000167   Thumb Code     0  libinit2.o(.ARM.Collect$$libinit$$00000008)
    __rt_lib_shutdown                        0x08000169   Thumb Code     0  libshutdown.o(.ARM.Collect$$libshutdown$$00000000)
    __rt_lib_shutdown_fp_trap_1              0x0800016b   Thumb Code     0  libshutdown2.o(.ARM.Collect$$libshutdown$$00000006)
    __rt_lib_shutdown_heap_1                 0x0800016b   Thumb Code     0  libshutdown2.o(.ARM.Collect$$libshutdown$$0000000E)
    __rt_lib_shutdown_return                 0x0800016b   Thumb Code     0  libshutdown2.o(.ARM.Collect$$libshutdown$$0000000F)
    __rt_lib_shutdown_signal_1               0x0800016b   Thumb Code     0  libshutdown2.o(.ARM.Collect$$libshutdown$$00000009)
    __rt_lib_shutdown_stdio_1                0x0800016b   Thumb Code     0  libshutdown2.o(.ARM.Collect$$libshutdown$$00000003)
    __rt_lib_shutdown_user_alloc_1           0x0800016b   Thumb Code     0  libshutdown2.o(.ARM.Collect$$libshutdown$$0000000B)
    __rt_entry                               0x0800016d   Thumb Code     0  rtentry.o(.ARM.Collect$$rtentry$$00000000)
    __rt_entry_presh_1                       0x0800016d   Thumb Code     0  rtentry2.o(.ARM.Collect$$rtentry$$00000002)
    __rt_entry_sh                            0x0800016d   Thumb Code     0  rtentry4.o(.ARM.Collect$$rtentry$$00000004)
    __rt_entry_li                            0x08000173   Thumb Code     0  rtentry2.o(.ARM.Collect$$rtentry$$0000000A)
    __rt_entry_postsh_1                      0x08000173   Thumb Code     0  rtentry2.o(.ARM.Collect$$rtentry$$00000009)
    __rt_entry_main                          0x08000177   Thumb Code     0  rtentry2.o(.ARM.Collect$$rtentry$$0000000D)
    __rt_entry_postli_1                      0x08000177   Thumb Code     0  rtentry2.o(.ARM.Collect$$rtentry$$0000000C)
    __rt_exit                                0x0800017f   Thumb Code     0  rtexit.o(.ARM.Collect$$rtexit$$00000000)
    __rt_exit_ls                             0x08000181   Thumb Code     0  rtexit2.o(.ARM.Collect$$rtexit$$00000003)
    __rt_exit_prels_1                        0x08000181   Thumb Code     0  rtexit2.o(.ARM.Collect$$rtexit$$00000002)
    __rt_exit_exit                           0x08000185   Thumb Code     0  rtexit2.o(.ARM.Collect$$rtexit$$00000004)
    SVC_Handler                              0x0800018d   Thumb Code    28  port.o(.emb_text)
    vPortStartFirstTask                      0x080001ad   Thumb Code    16  port.o(.emb_text)
    PendSV_Handler                           0x080001c1   Thumb Code    56  port.o(.emb_text)
    vPortSetInterruptMask                    0x080001fd   Thumb Code    14  port.o(.emb_text)
    vPortClearInterruptMask                  0x0800020b   Thumb Code    14  port.o(.emb_text)
    Reset_Handler                            0x08000219   Thumb Code     8  startup_stm32f10x_md.o(.text)
    NMI_Handler                              0x08000221   Thumb Code     2  startup_stm32f10x_md.o(.text)
    HardFault_Handler                        0x08000223   Thumb Code     2  startup_stm32f10x_md.o(.text)
    MemManage_Handler                        0x08000225   Thumb Code     2  startup_stm32f10x_md.o(.text)
    BusFault_Handler                         0x08000227   Thumb Code     2  startup_stm32f10x_md.o(.text)
    UsageFault_Handler                       0x08000229   Thumb Code     2  startup_stm32f10x_md.o(.text)
    DebugMon_Handler                         0x0800022d   Thumb Code     2  startup_stm32f10x_md.o(.text)
    CAN1_RX1_IRQHandler                      0x08000233   Thumb Code     0  startup_stm32f10x_md.o(.text)
    CAN1_SCE_IRQHandler                      0x08000233   Thumb Code     0  startup_stm32f10x_md.o(.text)
    DMA1_Channel1_IRQHandler                 0x08000233   Thumb Code     0  startup_stm32f10x_md.o(.text)
    DMA1_Channel2_IRQHandler                 0x08000233   Thumb Code     0  startup_stm32f10x_md.o(.text)
    DMA1_Channel3_IRQHandler                 0x08000233   Thumb Code     0  startup_stm32f10x_md.o(.text)
    DMA1_Channel4_IRQHandler                 0x08000233   Thumb Code     0  startup_stm32f10x_md.o(.text)
    DMA1_Channel5_IRQHandler                 0x08000233   Thumb Code     0  startup_stm32f10x_md.o(.text)
    DMA1_Channel6_IRQHandler                 0x08000233   Thumb Code     0  startup_stm32f10x_md.o(.text)
    DMA1_Channel7_IRQHandler                 0x08000233   Thumb Code     0  startup_stm32f10x_md.o(.text)
    EXTI0_IRQHandler                         0x08000233   Thumb Code     0  startup_stm32f10x_md.o(.text)
    EXTI15_10_IRQHandler                     0x08000233   Thumb Code     0  startup_stm32f10x_md.o(.text)
    EXTI9_5_IRQHandler                       0x08000233   Thumb Code     0  startup_stm32f10x_md.o(.text)
    FLASH_IRQHandler                         0x08000233   Thumb Code     0  startup_stm32f10x_md.o(.text)
    I2C1_ER_IRQHandler                       0x08000233   Thumb Code     0  startup_stm32f10x_md.o(.text)
    I2C1_EV_IRQHandler                       0x08000233   Thumb Code     0  startup_stm32f10x_md.o(.text)
    I2C2_ER_IRQHandler                       0x08000233   Thumb Code     0  startup_stm32f10x_md.o(.text)
    I2C2_EV_IRQHandler                       0x08000233   Thumb Code     0  startup_stm32f10x_md.o(.text)
    PVD_IRQHandler                           0x08000233   Thumb Code     0  startup_stm32f10x_md.o(.text)
    RCC_IRQHandler                           0x08000233   Thumb Code     0  startup_stm32f10x_md.o(.text)
    RTCAlarm_IRQHandler                      0x08000233   Thumb Code     0  startup_stm32f10x_md.o(.text)
    SPI1_IRQHandler                          0x08000233   Thumb Code     0  startup_stm32f10x_md.o(.text)
    SPI2_IRQHandler                          0x08000233   Thumb Code     0  startup_stm32f10x_md.o(.text)
    TAMPER_IRQHandler                        0x08000233   Thumb Code     0  startup_stm32f10x_md.o(.text)
    TIM1_BRK_IRQHandler                      0x08000233   Thumb Code     0  startup_stm32f10x_md.o(.text)
    TIM1_CC_IRQHandler                       0x08000233   Thumb Code     0  startup_stm32f10x_md.o(.text)
    TIM1_TRG_COM_IRQHandler                  0x08000233   Thumb Code     0  startup_stm32f10x_md.o(.text)
    TIM1_UP_IRQHandler                       0x08000233   Thumb Code     0  startup_stm32f10x_md.o(.text)
    TIM3_IRQHandler                          0x08000233   Thumb Code     0  startup_stm32f10x_md.o(.text)
    TIM4_IRQHandler                          0x08000233   Thumb Code     0  startup_stm32f10x_md.o(.text)
    USART1_IRQHandler                        0x08000233   Thumb Code     0  startup_stm32f10x_md.o(.text)
    USART3_IRQHandler                        0x08000233   Thumb Code     0  startup_stm32f10x_md.o(.text)
    USBWakeUp_IRQHandler                     0x08000233   Thumb Code     0  startup_stm32f10x_md.o(.text)
    USB_HP_CAN1_TX_IRQHandler                0x08000233   Thumb Code     0  startup_stm32f10x_md.o(.text)
    USB_LP_CAN1_RX0_IRQHandler               0x08000233   Thumb Code     0  startup_stm32f10x_md.o(.text)
    WWDG_IRQHandler                          0x08000233   Thumb Code     0  startup_stm32f10x_md.o(.text)
    __user_initial_stackheap                 0x08000235   Thumb Code     0  startup_stm32f10x_md.o(.text)
    SystemInit                               0x080002ed   Thumb Code    70  system_stm32f10x.o(.text)
    SystemCoreClockUpdate                    0x08000333   Thumb Code   142  system_stm32f10x.o(.text)
    BMP_get_LE_bytes_from_buffer             0x080003e1   Thumb Code    30  image_files.o(.text)
    BMP_get_file_header                      0x080003ff   Thumb Code    78  image_files.o(.text)
    BMP_get_info_header                      0x0800044d   Thumb Code   140  image_files.o(.text)
    LCD_decode_bin_to_dec_0000               0x080004f9   Thumb Code   130  main.o(.text)
    LCD_decode_bin_to_dec_000                0x0800057b   Thumb Code    76  main.o(.text)
    LCD_decode_bin_to_dec_00                 0x080005c7   Thumb Code    38  main.o(.text)
    delay_ms                                 0x080005ed   Thumb Code    22  main.o(.text)
    init                                     0x08000603   Thumb Code  2046  main.o(.text)
    SD_SPI_Write_read                        0x08000e01   Thumb Code    42  main.o(.text)
    SPI1_Write_read                          0x08000e2b   Thumb Code    38  main.o(.text)
    vTaskTime                                0x08000e51   Thumb Code   150  main.o(.text)
    vTaskADC                                 0x08000ee7   Thumb Code    90  main.o(.text)
    vTaskJoystick                            0x08000f41   Thumb Code   104  main.o(.text)
    vTaskStepMotor                           0x08000fa9   Thumb Code    74  main.o(.text)
    vTaskKeyboard                            0x08000ff3   Thumb Code   120  main.o(.text)
    vTaskUltrasonic                          0x0800106b   Thumb Code   250  main.o(.text)
    main                                     0x08001165   Thumb Code   746  main.o(.text)
    ADC1_2_IRQHandler                        0x0800144f   Thumb Code   100  main.o(.text)
    USART2_IRQHandler                        0x080014b3   Thumb Code    60  main.o(.text)
    EXTI1_IRQHandler                         0x080014ef   Thumb Code    70  main.o(.text)
    EXTI2_IRQHandler                         0x08001535   Thumb Code   246  main.o(.text)
    EXTI3_IRQHandler                         0x0800162b   Thumb Code    70  main.o(.text)
    EXTI4_IRQHandler                         0x08001671   Thumb Code   116  main.o(.text)
    RTC_IRQHandler                           0x080016e5   Thumb Code    58  main.o(.text)
    TIM2_IRQHandler                          0x0800171f   Thumb Code    48  main.o(.text)
    USART1_send                              0x08001791   Thumb Code    42  nokia1616.o(.text)
    LCD_NOKIA1616_reset                      0x080017bb   Thumb Code    32  nokia1616.o(.text)
    LCD_NOKIA1616_ram_data_access            0x080017db   Thumb Code    20  nokia1616.o(.text)
    LCD_NOKIA1616_init                       0x080017ef   Thumb Code    74  nokia1616.o(.text)
    LCD_NOKIA1616_set_rectangle_range        0x08001839   Thumb Code   118  nokia1616.o(.text)
    LCD_NOKIA1616_transform_color            0x080018af   Thumb Code    38  nokia1616.o(.text)
    LCD_NOKIA1616_rectangle                  0x080018d5   Thumb Code    86  nokia1616.o(.text)
    LCD_NOKIA1616_rectangle_from_buffer      0x0800192b   Thumb Code   126  nokia1616.o(.text)
    LCD_NOKIA1616_print_icon8x8              0x080019a9   Thumb Code   116  nokia1616.o(.text)
    LCD_NOKIA1616_SetFont                    0x08001a1d   Thumb Code    22  nokia1616.o(.text)
    LCD_NOKIA1616_GetCharWidth               0x08001a33   Thumb Code    80  nokia1616.o(.text)
    LCD_NOKIA1616_GetFontHeight              0x08001a83   Thumb Code    18  nokia1616.o(.text)
    LCD_NOKIA1616_GetStringWidth             0x08001a95   Thumb Code    70  nokia1616.o(.text)
    LCD_NOKIA1616_DrawChar                   0x08001adb   Thumb Code   346  nokia1616.o(.text)
    LCD_NOKIA1616_DrawString                 0x08001c35   Thumb Code   148  nokia1616.o(.text)
    disk_initialize                          0x08001cd5   Thumb Code    22  diskio.o(.text)
    disk_status                              0x08001ceb   Thumb Code    18  diskio.o(.text)
    disk_read                                0x08001cfd   Thumb Code    36  diskio.o(.text)
    disk_write                               0x08001d21   Thumb Code    36  diskio.o(.text)
    disk_ioctl                               0x08001d45   Thumb Code    16  diskio.o(.text)
    get_fattime                              0x08001d55   Thumb Code     4  ff.o(.text)
    clust2sect                               0x08001efb   Thumb Code    26  ff.o(.text)
    get_fat                                  0x08001f15   Thumb Code   228  ff.o(.text)
    put_fat                                  0x08001ff9   Thumb Code   310  ff.o(.text)
    f_mount                                  0x08002c69   Thumb Code    38  ff.o(.text)
    f_open                                   0x08002c8f   Thumb Code   346  ff.o(.text)
    f_read                                   0x08002de9   Thumb Code   476  ff.o(.text)
    f_write                                  0x08002fc5   Thumb Code   522  ff.o(.text)
    f_sync                                   0x080031cf   Thumb Code   174  ff.o(.text)
    f_close                                  0x0800327d   Thumb Code    22  ff.o(.text)
    f_lseek                                  0x08003293   Thumb Code   430  ff.o(.text)
    f_opendir                                0x08003441   Thumb Code   112  ff.o(.text)
    f_readdir                                0x080034b1   Thumb Code    86  ff.o(.text)
    f_stat                                   0x08003507   Thumb Code    58  ff.o(.text)
    f_getfree                                0x08003541   Thumb Code   260  ff.o(.text)
    f_truncate                               0x08003645   Thumb Code   160  ff.o(.text)
    f_unlink                                 0x080036e5   Thumb Code   168  ff.o(.text)
    f_mkdir                                  0x0800378d   Thumb Code   354  ff.o(.text)
    f_chmod                                  0x080038ef   Thumb Code    88  ff.o(.text)
    f_utime                                  0x08003947   Thumb Code    86  ff.o(.text)
    f_rename                                 0x0800399d   Thumb Code   276  ff.o(.text)
    SD_sendCommand                           0x08003ab1   Thumb Code   192  sdcard.o(.text)
    SD_init                                  0x08003b71   Thumb Code   206  sdcard.o(.text)
    SD_ReadSector                            0x08003c3f   Thumb Code   122  sdcard.o(.text)
    SD_ReadMultipleSector                    0x08003cb9   Thumb Code    48  sdcard.o(.text)
    SD_WriteSector                           0x08003ce9   Thumb Code   218  sdcard.o(.text)
    SD_WriteMultipleSector                   0x08003dc3   Thumb Code    48  sdcard.o(.text)
    xTaskGenericCreate                       0x08003ebd   Thumb Code   240  tasks.o(.text)
    vTaskIncrementTick                       0x08003fad   Thumb Code   228  tasks.o(.text)
    xTaskResumeAll                           0x08004091   Thumb Code   188  tasks.o(.text)
    vTaskSuspendAll                          0x0800418b   Thumb Code    12  tasks.o(.text)
    vTaskDelay                               0x08004197   Thumb Code    48  tasks.o(.text)
    uxTaskPriorityGet                        0x080041c7   Thumb Code   106  tasks.o(.text)
    vTaskPrioritySet                         0x08004231   Thumb Code   160  tasks.o(.text)
    vTaskSwitchContext                       0x080042d1   Thumb Code    92  tasks.o(.text)
    vTaskSuspend                             0x0800432d   Thumb Code   100  tasks.o(.text)
    xTaskIsTaskSuspended                     0x08004391   Thumb Code    60  tasks.o(.text)
    vTaskResume                              0x080043cd   Thumb Code    92  tasks.o(.text)
    xTaskResumeFromISR                       0x08004429   Thumb Code   114  tasks.o(.text)
    vTaskStartScheduler                      0x080044b1   Thumb Code    52  tasks.o(.text)
    vTaskEndScheduler                        0x080044e5   Thumb Code    18  tasks.o(.text)
    xTaskGetTickCount                        0x080044f7   Thumb Code    18  tasks.o(.text)
    xTaskGetTickCountFromISR                 0x08004509   Thumb Code    20  tasks.o(.text)
    uxTaskGetNumberOfTasks                   0x0800451d   Thumb Code     6  tasks.o(.text)
    vTaskPlaceOnEventList                    0x08004523   Thumb Code    60  tasks.o(.text)
    xTaskRemoveFromEventList                 0x0800455f   Thumb Code    96  tasks.o(.text)
    vTaskSetTimeOutState                     0x080045bf   Thumb Code    14  tasks.o(.text)
    xTaskCheckForTimeOut                     0x080045cd   Thumb Code   148  tasks.o(.text)
    vTaskMissedYield                         0x08004661   Thumb Code     8  tasks.o(.text)
    xTaskGetCurrentTaskHandle                0x08004669   Thumb Code     6  tasks.o(.text)
    vTaskPriorityInherit                     0x0800466f   Thumb Code   116  tasks.o(.text)
    vTaskPriorityDisinherit                  0x080046e3   Thumb Code    70  tasks.o(.text)
    pvPortMalloc                             0x08004739   Thumb Code   194  heap_2.o(.text)
    vPortFree                                0x080047fb   Thumb Code    56  heap_2.o(.text)
    xPortGetFreeHeapSize                     0x08004833   Thumb Code     6  heap_2.o(.text)
    vPortInitialiseBlocks                    0x08004839   Thumb Code     2  heap_2.o(.text)
    pxPortInitialiseStack                    0x08004851   Thumb Code    26  port.o(.text)
    xPortStartScheduler                      0x08004879   Thumb Code    42  port.o(.text)
    vPortEndScheduler                        0x080048a3   Thumb Code     2  port.o(.text)
    vPortYieldFromISR                        0x080048a5   Thumb Code    12  port.o(.text)
    vPortEnterCritical                       0x080048b1   Thumb Code    18  port.o(.text)
    vPortExitCritical                        0x080048c3   Thumb Code    24  port.o(.text)
    SysTick_Handler                          0x080048db   Thumb Code    28  port.o(.text)
    xQueueGenericCreate                      0x08004905   Thumb Code   114  queue.o(.text)
    xQueueGenericSend                        0x08004a7d   Thumb Code   202  queue.o(.text)
    xQueueCreateMutex                        0x08004b47   Thumb Code    72  queue.o(.text)
    xQueueGenericSendFromISR                 0x08004b8f   Thumb Code    94  queue.o(.text)
    xQueueGenericReceive                     0x08004c33   Thumb Code   278  queue.o(.text)
    xQueueReceiveFromISR                     0x08004d49   Thumb Code    92  queue.o(.text)
    uxQueueMessagesWaiting                   0x08004da5   Thumb Code    18  queue.o(.text)
    uxQueueMessagesWaitingFromISR            0x08004db7   Thumb Code     6  queue.o(.text)
    vQueueDelete                             0x08004dbd   Thumb Code    18  queue.o(.text)
    xQueueIsQueueEmptyFromISR                0x08004dcf   Thumb Code    16  queue.o(.text)
    xQueueIsQueueFullFromISR                 0x08004ddf   Thumb Code    20  queue.o(.text)
    vListInitialise                          0x08004df3   Thumb Code    26  list.o(.text)
    vListInitialiseItem                      0x08004e0d   Thumb Code     6  list.o(.text)
    vListInsertEnd                           0x08004e13   Thumb Code    28  list.o(.text)
    vListInsert                              0x08004e2f   Thumb Code    52  list.o(.text)
    vListRemove                              0x08004e63   Thumb Code    36  list.o(.text)
    __aeabi_memcpy                           0x08004e87   Thumb Code     0  rt_memcpy_v6.o(.text)
    __rt_memcpy                              0x08004e87   Thumb Code   138  rt_memcpy_v6.o(.text)
    _memcpy_lastbytes                        0x08004eed   Thumb Code     0  rt_memcpy_v6.o(.text)
    __aeabi_memcpy4                          0x08004f11   Thumb Code     0  rt_memcpy_w.o(.text)
    __aeabi_memcpy8                          0x08004f11   Thumb Code     0  rt_memcpy_w.o(.text)
    __rt_memcpy_w                            0x08004f11   Thumb Code   100  rt_memcpy_w.o(.text)
    _memcpy_lastbytes_aligned                0x08004f59   Thumb Code     0  rt_memcpy_w.o(.text)
    __aeabi_memset                           0x08004f75   Thumb Code    16  aeabi_memset.o(.text)
    strncpy                                  0x08004f85   Thumb Code    86  strncpy.o(.text)
    __use_two_region_memory                  0x08004fdb   Thumb Code     2  heapauxi.o(.text)
    __rt_heap_escrow$2region                 0x08004fdd   Thumb Code     2  heapauxi.o(.text)
    __rt_heap_expand$2region                 0x08004fdf   Thumb Code     2  heapauxi.o(.text)
    __aeabi_memclr                           0x08004fe1   Thumb Code     0  rt_memclr.o(.text)
    __rt_memclr                              0x08004fe1   Thumb Code    68  rt_memclr.o(.text)
    _memset                                  0x08004fe5   Thumb Code     0  rt_memclr.o(.text)
    __aeabi_memclr4                          0x08005025   Thumb Code     0  rt_memclr_w.o(.text)
    __aeabi_memclr8                          0x08005025   Thumb Code     0  rt_memclr_w.o(.text)
    __rt_memclr_w                            0x08005025   Thumb Code    78  rt_memclr_w.o(.text)
    _memset_w                                0x08005029   Thumb Code     0  rt_memclr_w.o(.text)
    __user_setup_stackheap                   0x08005073   Thumb Code    74  sys_stackheap_outer.o(.text)
    exit                                     0x080050bd   Thumb Code    12  exit.o(.text)
    __user_libspace                          0x080050c9   Thumb Code     8  libspace.o(.text)
    __user_perproc_libspace                  0x080050c9   Thumb Code     0  libspace.o(.text)
    __user_perthread_libspace                0x080050c9   Thumb Code     0  libspace.o(.text)
    __rt_fp_status_addr                      0x080050d1   Thumb Code     8  rt_fp_status_addr_intlibspace.o(.text)
    _sys_exit                                0x080050d9   Thumb Code     8  sys_exit.o(.text)
    __I$use$semihosting                      0x080050e5   Thumb Code     0  use_no_semi.o(.text)
    __use_no_semihosting_swi                 0x080050e5   Thumb Code     2  use_no_semi.o(.text)
    __semihosting_library_function           0x080050e7   Thumb Code     0  indicate_semi.o(.text)
    _fp_init                                 0x080050e7   Thumb Code    14  fpinit.o(x$fpl$fpinit)
    __fplib_config_pureend_doubles           0x080050f3   Thumb Code     0  fpinit.o(x$fpl$fpinit)
    LCD_decode                               0x080050f4   Data          16  main.o(.constdata)
    icons8x8                                 0x08005104   Data         152  nokia1616.o(.constdata)
    font5x8pxCharBitmaps                     0x0800519c   Data        1280  nokia1616.o(.constdata)
    font5x8pxFontInfo                        0x0800569c   Data          12  nokia1616.o(.constdata)
    color_themes                             0x080056a8   Data          48  nokia1616_gui.o(.constdata)
    window_0_header                          0x080056d8   Data           5  nokia1616_gui.o(.constdata)
    window_1_header                          0x080056dd   Data           5  nokia1616_gui.o(.constdata)
    Region$$Table$$Base                      0x080056e4   Number         0  anon$$obj.o(Region$$Table)
    Region$$Table$$Limit                     0x08005704   Number         0  anon$$obj.o(Region$$Table)
    SystemCoreClock                          0x20000000   Data           4  system_stm32f10x.o(.data)
    AHBPrescTable                            0x20000004   Data          16  system_stm32f10x.o(.data)
    ADC_result                               0x20000014   Data           2  main.o(.data)
    ADC_data                                 0x20000016   Data           2  main.o(.data)
    ADC_result_decoded                       0x20000018   Data           5  main.o(.data)
    ADC_counter                              0x2000001d   Data           1  main.o(.data)
    SPI_data                                 0x2000001e   Data           1  main.o(.data)
    time_decoded                             0x2000001f   Data           9  main.o(.data)
    Joystick_flag                            0x20000028   Data           1  main.o(.data)
    Ultrasonic_time                          0x2000002a   Data           2  main.o(.data)
    LCD_buffer_pointer                       0x2000002c   Data           4  main.o(.data)
    file_name                                0x20000030   Data          22  main.o(.data)
    image_counter                            0x20000046   Data           2  main.o(.data)
    image_flag                               0x20000048   Data           1  main.o(.data)
    dec_number                               0x20000050   Data           5  main.o(.data)
    reg_value                                0x20000055   Data           1  main.o(.data)
    Joystick_axes                            0x20000056   Data           6  main.o(.data)
    Joystick_buttons                         0x2000005c   Data           2  main.o(.data)
    EXTI_line_flag                           0x2000005e   Data           2  main.o(.data)
    res                                      0x20000060   Data           1  main.o(.data)
    br                                       0x20000064   Data           4  main.o(.data)
    bw                                       0x20000068   Data           4  main.o(.data)
    BMP_bytes_read                           0x2000006c   Data           4  main.o(.data)
    Semaphore_ADC_meaning_end                0x20000070   Data           4  main.o(.data)
    Semaphore_seconds_incremented            0x20000074   Data           4  main.o(.data)
    Mutex_LCD_accesss                        0x20000078   Data           4  main.o(.data)
    Semaphore_keyboard                       0x2000007c   Data           4  main.o(.data)
    Semaphore_ultrasonic                     0x20000080   Data           4  main.o(.data)
    font                                     0x20000084   Data           4  nokia1616.o(.data)
    Font_bkgnd_color                         0x20000088   Data           2  nokia1616.o(.data)
    Font_color                               0x2000008a   Data           2  nokia1616.o(.data)
    current_theme                            0x20000094   Data           4  nokia1616_gui.o(.data)
    current_window                           0x20000098   Data           1  nokia1616_gui.o(.data)
    prev_window                              0x20000099   Data           1  nokia1616_gui.o(.data)
    current_string                           0x2000009a   Data           1  nokia1616_gui.o(.data)
    GUI_windows                              0x2000009c   Data          24  nokia1616_gui.o(.data)
    window_0_strings                         0x200000b4   Data           2  nokia1616_gui.o(.data)
    window_1_strings                         0x200000b6   Data           2  nokia1616_gui.o(.data)
    SDHC                                     0x200000b8   Data           1  sdcard.o(.data)
    pxCurrentTCB                             0x200000bc   Data           4  tasks.o(.data)
    current_time                             0x20000110   Data          16  main.o(.bss)
    Joystick_data                            0x20000120   Data          10  main.o(.bss)
    FAT_filesystem                           0x2000012c   Data         560  main.o(.bss)
    fsrs                                     0x2000035c   Data         548  main.o(.bss)
    fdst                                     0x20000580   Data         548  main.o(.bss)
    FAT_buffer                               0x200007a4   Data        4096  main.o(.bss)
    BMP_buffer                               0x200017a4   Data          54  main.o(.bss)
    BMP_file_header                          0x200017dc   Data          16  main.o(.bss)
    BMP_info_header                          0x200017ec   Data          40  main.o(.bss)
    LCD_buffer                               0x20001814   Data        3072  main.o(.bss)
    __libspace_start                         0x200038c8   Data          96  libspace.o(.bss)
    __temporary_stack_top$libspace           0x20003928   Data           0  libspace.o(.bss)



==============================================================================

Memory Map of the image

  Image Entry point : 0x080000ed

  Load Region LR_IROM1 (Base: 0x08000000, Size: 0x00005814, Max: 0x00010000, ABSOLUTE)

    Execution Region ER_IROM1 (Base: 0x08000000, Size: 0x00005704, Max: 0x00010000, ABSOLUTE)

    Base Addr    Size         Type   Attr      Idx    E Section Name        Object

    0x08000000   0x000000ec   Data   RO            3    RESET               startup_stm32f10x_md.o
    0x080000ec   0x00000008   Code   RO          409  * !!!main             c_w.l(__main.o)
    0x080000f4   0x00000034   Code   RO          570    !!!scatter          c_w.l(__scatter.o)
    0x08000128   0x0000001a   Code   RO          572    !!handler_copy      c_w.l(__scatter_copy.o)
    0x08000142   0x00000002   PAD
    0x08000144   0x0000001c   Code   RO          574    !!handler_zi        c_w.l(__scatter_zi.o)
    0x08000160   0x00000006   Code   RO          440    .ARM.Collect$$libinit$$00000000  c_w.l(libinit.o)
    0x08000166   0x00000000   Code   RO          448    .ARM.Collect$$libinit$$00000006  c_w.l(libinit2.o)
    0x08000166   0x00000000   Code   RO          450    .ARM.Collect$$libinit$$00000008  c_w.l(libinit2.o)
    0x08000166   0x00000000   Code   RO          452    .ARM.Collect$$libinit$$0000000A  c_w.l(libinit2.o)
    0x08000166   0x00000000   Code   RO          455    .ARM.Collect$$libinit$$0000000D  c_w.l(libinit2.o)
    0x08000166   0x00000000   Code   RO          457    .ARM.Collect$$libinit$$0000000F  c_w.l(libinit2.o)
    0x08000166   0x00000000   Code   RO          459    .ARM.Collect$$libinit$$00000011  c_w.l(libinit2.o)
    0x08000166   0x00000000   Code   RO          461    .ARM.Collect$$libinit$$00000013  c_w.l(libinit2.o)
    0x08000166   0x00000000   Code   RO          463    .ARM.Collect$$libinit$$00000015  c_w.l(libinit2.o)
    0x08000166   0x00000000   Code   RO          465    .ARM.Collect$$libinit$$00000017  c_w.l(libinit2.o)
    0x08000166   0x00000000   Code   RO          467    .ARM.Collect$$libinit$$00000019  c_w.l(libinit2.o)
    0x08000166   0x00000000   Code   RO          469    .ARM.Collect$$libinit$$0000001B  c_w.l(libinit2.o)
    0x08000166   0x00000000   Code   RO          471    .ARM.Collect$$libinit$$0000001D  c_w.l(libinit2.o)
    0x08000166   0x00000000   Code   RO          473    .ARM.Collect$$libinit$$0000001F  c_w.l(libinit2.o)
    0x08000166   0x00000000   Code   RO          475    .ARM.Collect$$libinit$$00000021  c_w.l(libinit2.o)
    0x08000166   0x00000000   Code   RO          479    .ARM.Collect$$libinit$$00000028  c_w.l(libinit2.o)
    0x08000166   0x00000000   Code   RO          481    .ARM.Collect$$libinit$$0000002A  c_w.l(libinit2.o)
    0x08000166   0x00000000   Code   RO          483    .ARM.Collect$$libinit$$0000002C  c_w.l(libinit2.o)
    0x08000166   0x00000000   Code   RO          485    .ARM.Collect$$libinit$$0000002E  c_w.l(libinit2.o)
    0x08000166   0x00000002   Code   RO          486    .ARM.Collect$$libinit$$0000002F  c_w.l(libinit2.o)
    0x08000168   0x00000002   Code   RO          511    .ARM.Collect$$libshutdown$$00000000  c_w.l(libshutdown.o)
    0x0800016a   0x00000000   Code   RO          525    .ARM.Collect$$libshutdown$$00000003  c_w.l(libshutdown2.o)
    0x0800016a   0x00000000   Code   RO          528    .ARM.Collect$$libshutdown$$00000006  c_w.l(libshutdown2.o)
    0x0800016a   0x00000000   Code   RO          531    .ARM.Collect$$libshutdown$$00000009  c_w.l(libshutdown2.o)
    0x0800016a   0x00000000   Code   RO          533    .ARM.Collect$$libshutdown$$0000000B  c_w.l(libshutdown2.o)
    0x0800016a   0x00000000   Code   RO          536    .ARM.Collect$$libshutdown$$0000000E  c_w.l(libshutdown2.o)
    0x0800016a   0x00000002   Code   RO          537    .ARM.Collect$$libshutdown$$0000000F  c_w.l(libshutdown2.o)
    0x0800016c   0x00000000   Code   RO          411    .ARM.Collect$$rtentry$$00000000  c_w.l(rtentry.o)
    0x0800016c   0x00000000   Code   RO          415    .ARM.Collect$$rtentry$$00000002  c_w.l(rtentry2.o)
    0x0800016c   0x00000006   Code   RO          427    .ARM.Collect$$rtentry$$00000004  c_w.l(rtentry4.o)
    0x08000172   0x00000000   Code   RO          417    .ARM.Collect$$rtentry$$00000009  c_w.l(rtentry2.o)
    0x08000172   0x00000004   Code   RO          418    .ARM.Collect$$rtentry$$0000000A  c_w.l(rtentry2.o)
    0x08000176   0x00000000   Code   RO          420    .ARM.Collect$$rtentry$$0000000C  c_w.l(rtentry2.o)
    0x08000176   0x00000008   Code   RO          421    .ARM.Collect$$rtentry$$0000000D  c_w.l(rtentry2.o)
    0x0800017e   0x00000002   Code   RO          444    .ARM.Collect$$rtexit$$00000000  c_w.l(rtexit.o)
    0x08000180   0x00000000   Code   RO          490    .ARM.Collect$$rtexit$$00000002  c_w.l(rtexit2.o)
    0x08000180   0x00000004   Code   RO          491    .ARM.Collect$$rtexit$$00000003  c_w.l(rtexit2.o)
    0x08000184   0x00000006   Code   RO          492    .ARM.Collect$$rtexit$$00000004  c_w.l(rtexit2.o)
    0x0800018a   0x00000002   PAD
    0x0800018c   0x0000008c   Code   RO          324    .emb_text           port.o
    0x08000218   0x00000040   Code   RO            4    .text               startup_stm32f10x_md.o
    0x08000258   0x00000188   Code   RO           24    .text               system_stm32f10x.o
    0x080003e0   0x000000f8   Code   RO           49    .text               image_files.o
    0x080004d8   0x000012b8   Code   RO           67    .text               main.o
    0x08001790   0x00000544   Code   RO          164    .text               nokia1616.o
    0x08001cd4   0x00000080   Code   RO          196    .text               diskio.o
    0x08001d54   0x00001d5c   Code   RO          208    .text               ff.o
    0x08003ab0   0x0000034c   Code   RO          235    .text               sdcard.o
    0x08003dfc   0x0000093c   Code   RO          250    .text               tasks.o
    0x08004738   0x00000118   Code   RO          303    .text               heap_2.o
    0x08004850   0x000000b4   Code   RO          325    .text               port.o
    0x08004904   0x000004ee   Code   RO          351    .text               queue.o
    0x08004df2   0x00000094   Code   RO          385    .text               list.o
    0x08004e86   0x0000008a   Code   RO          399    .text               c_w.l(rt_memcpy_v6.o)
    0x08004f10   0x00000064   Code   RO          401    .text               c_w.l(rt_memcpy_w.o)
    0x08004f74   0x00000010   Code   RO          403    .text               c_w.l(aeabi_memset.o)
    0x08004f84   0x00000056   Code   RO          405    .text               c_w.l(strncpy.o)
    0x08004fda   0x00000006   Code   RO          407    .text               c_w.l(heapauxi.o)
    0x08004fe0   0x00000044   Code   RO          412    .text               c_w.l(rt_memclr.o)
    0x08005024   0x0000004e   Code   RO          429    .text               c_w.l(rt_memclr_w.o)
    0x08005072   0x0000004a   Code   RO          431    .text               c_w.l(sys_stackheap_outer.o)
    0x080050bc   0x0000000c   Code   RO          433    .text               c_w.l(exit.o)
    0x080050c8   0x00000008   Code   RO          441    .text               c_w.l(libspace.o)
    0x080050d0   0x00000008   Code   RO          499    .text               c_w.l(rt_fp_status_addr_intlibspace.o)
    0x080050d8   0x0000000c   Code   RO          503    .text               c_w.l(sys_exit.o)
    0x080050e4   0x00000002   Code   RO          514    .text               c_w.l(use_no_semi.o)
    0x080050e6   0x00000000   Code   RO          516    .text               c_w.l(indicate_semi.o)
    0x080050e6   0x0000000e   Code   RO          487    x$fpl$fpinit        fz_ws.l(fpinit.o)
    0x080050f4   0x00000010   Data   RO           69    .constdata          main.o
    0x08005104   0x000005a4   Data   RO          165    .constdata          nokia1616.o
    0x080056a8   0x0000003a   Data   RO          222    .constdata          nokia1616_gui.o
    0x080056e2   0x00000002   PAD
    0x080056e4   0x00000020   Data   RO          568    Region$$Table       anon$$obj.o


    Execution Region RW_IRAM1 (Base: 0x20000000, Size: 0x00003f28, Max: 0x00005000, ABSOLUTE)

    Base Addr    Size         Type   Attr      Idx    E Section Name        Object

    0x20000000   0x00000014   Data   RW           25    .data               system_stm32f10x.o
    0x20000014   0x00000070   Data   RW           70    .data               main.o
    0x20000084   0x00000008   Data   RW          166    .data               nokia1616.o
    0x2000008c   0x00000006   Data   RW          209    .data               ff.o
    0x20000092   0x00000002   PAD
    0x20000094   0x00000024   Data   RW          223    .data               nokia1616_gui.o
    0x200000b8   0x00000001   Data   RW          236    .data               sdcard.o
    0x200000b9   0x00000003   PAD
    0x200000bc   0x00000038   Data   RW          252    .data               tasks.o
    0x200000f4   0x00000018   Data   RW          305    .data               heap_2.o
    0x2000010c   0x00000004   Data   RW          326    .data               port.o
    0x20000110   0x00002304   Zero   RW           68    .bss                main.o
    0x20002414   0x000000b4   Zero   RW          251    .bss                tasks.o
    0x200024c8   0x00001400   Zero   RW          304    .bss                heap_2.o
    0x200038c8   0x00000060   Zero   RW          442    .bss                c_w.l(libspace.o)
    0x20003928   0x00000200   Zero   RW            2    HEAP                startup_stm32f10x_md.o
    0x20003b28   0x00000400   Zero   RW            1    STACK               startup_stm32f10x_md.o


==============================================================================

Image component sizes


      Code (inc. data)   RO Data    RW Data    ZI Data      Debug   Object Name

         0          0          0          0          0       4156   core_cm3.o
       128          0          0          0          0       2298   diskio.o
      7516         42          0          6          0      21656   ff.o
       280         22          0         24       5120       4412   heap_2.o
       248          0          0          0          0       2143   image_files.o
       148          0          0          0          0       1617   list.o
      4792        386         16        112       8964      35710   main.o
      1348         36       1444          8          0       7968   nokia1616.o
         0          0         58         36          0       3397   nokia1616_gui.o
       320         26          0          4          0       2189   port.o
      1262          0          0          0          0       7382   queue.o
       844         10          0          1          0       3202   sdcard.o
        64         26        236          0       1536        732   startup_stm32f10x_md.o
       392         32          0         20          0     205019   system_stm32f10x.o
      2364        148          0         56        180      15049   tasks.o

    ----------------------------------------------------------------------
     19706        728       1788        272      15800     316930   Object Totals
         0          0         32          0          0          0   (incl. Generated)
         0          0          2          5          0          0   (incl. Padding)

    ----------------------------------------------------------------------

      Code (inc. data)   RO Data    RW Data    ZI Data      Debug   Library Member Name

         8          0          0          0          0         68   __main.o
        52          8          0          0          0          0   __scatter.o
        26          0          0          0          0          0   __scatter_copy.o
        28          0          0          0          0          0   __scatter_zi.o
        16          0          0          0          0         68   aeabi_memset.o
        12          0          0          0          0         72   exit.o
         6          0          0          0          0        152   heapauxi.o
         0          0          0          0          0          0   indicate_semi.o
         6          0          0          0          0          0   libinit.o
         2          0          0          0          0          0   libinit2.o
         2          0          0          0          0          0   libshutdown.o
         2          0          0          0          0          0   libshutdown2.o
         8          4          0          0         96         68   libspace.o
         8          4          0          0          0         68   rt_fp_status_addr_intlibspace.o
        68          0          0          0          0         68   rt_memclr.o
        78          0          0          0          0         80   rt_memclr_w.o
       138          0          0          0          0         68   rt_memcpy_v6.o
       100          0          0          0          0         80   rt_memcpy_w.o
         0          0          0          0          0          0   rtentry.o
        12          0          0          0          0          0   rtentry2.o
         6          0          0          0          0          0   rtentry4.o
         2          0          0          0          0          0   rtexit.o
        10          0          0          0          0          0   rtexit2.o
        86          0          0          0          0         76   strncpy.o
        12          4          0          0          0         68   sys_exit.o
        74          0          0          0          0         80   sys_stackheap_outer.o
         2          0          0          0          0         68   use_no_semi.o
        14          0          0          0          0         76   fpinit.o

    ----------------------------------------------------------------------
       782         20          0          0         96       1160   Library Totals
         4          0          0          0          0          0   (incl. Padding)

    ----------------------------------------------------------------------

      Code (inc. data)   RO Data    RW Data    ZI Data      Debug   Library Name

       764         20          0          0         96       1084   c_w.l
        14          0          0          0          0         76   fz_ws.l

    ----------------------------------------------------------------------
       782         20          0          0         96       1160   Library Totals

    ----------------------------------------------------------------------

==============================================================================


      Code (inc. data)   RO Data    RW Data    ZI Data      Debug   

     20488        748       1788        272      15896     316062   Grand Totals
     20488        748       1788        272      15896     316062   ELF Image Totals
     20488        748       1788        272          0          0   ROM Totals

==============================================================================

    Total RO  Size (Code + RO Data)                22276 (  21.75kB)
    Total RW  Size (RW Data + ZI Data)             16168 (  15.79kB)
    Total ROM Size (Code + RO Data + RW Data)      22548 (  22.02kB)

==============================================================================

