<html>
<body>
<pre>
<h1>µVision Build Log</h1>
<h2>Project:</h2>
C:\Keil\Projects\STM32F100test\Minorcontrol.uvproj
Project File Date:  06/10/2012

<h2>Output:</h2>
Build target 'Target 1'
compiling core_cm3.c...
compiling system_stm32f10x.c...
compiling main.c...
linking...
Program Size: Code=864 RO-data=320 RW-data=20 ZI-data=1636  
FromELF: creating hex file...
"Minorcontrol.axf" - 0 Error(s), 0 Warning(s).
Load "C:\\Keil\\Projects\\STM32F100test\\Minorcontrol.AXF" 
Build target 'Target 1'
linking...
Program Size: Code=864 RO-data=320 RW-data=20 ZI-data=1636  
FromELF: creating hex file...
"Minorcontrol.axf" - 0 Error(s), 0 Warning(s).
Load "C:\\Keil\\Projects\\STM32F100test\\Minorcontrol.AXF" 
'C:\Keil\ARM\BIN\coocox-agdi.dll' invalid peripheral driver
